Archive member included to satisfy reference by file (symbol)

C:/ST/STM32CubeIDE_2.0.0/STM32CubeIDE/plugins/com.st.stm32cube.ide.mcu.externaltools.gnu-tools-for-stm32.13.3.rel1.win32_1.0.100.202509120712/tools/bin/../lib/gcc/arm-none-eabi/13.3.1/../../../../arm-none-eabi/lib/thumb/v7e-m+fp/hard\libc_nano.a(libc_a-exit.o)
                              C:/ST/STM32CubeIDE_2.0.0/STM32CubeIDE/plugins/com.st.stm32cube.ide.mcu.externaltools.gnu-tools-for-stm32.13.3.rel1.win32_1.0.100.202509120712/tools/bin/../lib/gcc/arm-none-eabi/13.3.1/../../../../arm-none-eabi/lib/thumb/v7e-m+fp/hard/crt0.o (exit)
C:/ST/STM32CubeIDE_2.0.0/STM32CubeIDE/plugins/com.st.stm32cube.ide.mcu.externaltools.gnu-tools-for-stm32.13.3.rel1.win32_1.0.100.202509120712/tools/bin/../lib/gcc/arm-none-eabi/13.3.1/../../../../arm-none-eabi/lib/thumb/v7e-m+fp/hard\libc_nano.a(libc_a-rand.o)
                              ./Core/Src/main.o (srand)
C:/ST/STM32CubeIDE_2.0.0/STM32CubeIDE/plugins/com.st.stm32cube.ide.mcu.externaltools.gnu-tools-for-stm32.13.3.rel1.win32_1.0.100.202509120712/tools/bin/../lib/gcc/arm-none-eabi/13.3.1/../../../../arm-none-eabi/lib/thumb/v7e-m+fp/hard\libc_nano.a(libc_a-ctype_.o)
                              ./Core/Src/main.o (_ctype_)
C:/ST/STM32CubeIDE_2.0.0/STM32CubeIDE/plugins/com.st.stm32cube.ide.mcu.externaltools.gnu-tools-for-stm32.13.3.rel1.win32_1.0.100.202509120712/tools/bin/../lib/gcc/arm-none-eabi/13.3.1/../../../../arm-none-eabi/lib/thumb/v7e-m+fp/hard\libc_nano.a(libc_a-findfp.o)
                              ./Middlewares/Third_Party/FreeRTOS/Source/tasks.o (__sf)
C:/ST/STM32CubeIDE_2.0.0/STM32CubeIDE/plugins/com.st.stm32cube.ide.mcu.externaltools.gnu-tools-for-stm32.13.3.rel1.win32_1.0.100.202509120712/tools/bin/../lib/gcc/arm-none-eabi/13.3.1/../../../../arm-none-eabi/lib/thumb/v7e-m+fp/hard\libc_nano.a(libc_a-fwalk.o)
                              C:/ST/STM32CubeIDE_2.0.0/STM32CubeIDE/plugins/com.st.stm32cube.ide.mcu.externaltools.gnu-tools-for-stm32.13.3.rel1.win32_1.0.100.202509120712/tools/bin/../lib/gcc/arm-none-eabi/13.3.1/../../../../arm-none-eabi/lib/thumb/v7e-m+fp/hard\libc_nano.a(libc_a-findfp.o) (_fwalk_sglue)
C:/ST/STM32CubeIDE_2.0.0/STM32CubeIDE/plugins/com.st.stm32cube.ide.mcu.externaltools.gnu-tools-for-stm32.13.3.rel1.win32_1.0.100.202509120712/tools/bin/../lib/gcc/arm-none-eabi/13.3.1/../../../../arm-none-eabi/lib/thumb/v7e-m+fp/hard\libc_nano.a(libc_a-printf.o)
                              ./Core/Src/main.o (printf)
C:/ST/STM32CubeIDE_2.0.0/STM32CubeIDE/plugins/com.st.stm32cube.ide.mcu.externaltools.gnu-tools-for-stm32.13.3.rel1.win32_1.0.100.202509120712/tools/bin/../lib/gcc/arm-none-eabi/13.3.1/../../../../arm-none-eabi/lib/thumb/v7e-m+fp/hard\libc_nano.a(libc_a-puts.o)
                              ./Core/Src/main.o (puts)
C:/ST/STM32CubeIDE_2.0.0/STM32CubeIDE/plugins/com.st.stm32cube.ide.mcu.externaltools.gnu-tools-for-stm32.13.3.rel1.win32_1.0.100.202509120712/tools/bin/../lib/gcc/arm-none-eabi/13.3.1/../../../../arm-none-eabi/lib/thumb/v7e-m+fp/hard\libc_nano.a(libc_a-stdio.o)
                              C:/ST/STM32CubeIDE_2.0.0/STM32CubeIDE/plugins/com.st.stm32cube.ide.mcu.externaltools.gnu-tools-for-stm32.13.3.rel1.win32_1.0.100.202509120712/tools/bin/../lib/gcc/arm-none-eabi/13.3.1/../../../../arm-none-eabi/lib/thumb/v7e-m+fp/hard\libc_nano.a(libc_a-findfp.o) (__sread)
C:/ST/STM32CubeIDE_2.0.0/STM32CubeIDE/plugins/com.st.stm32cube.ide.mcu.externaltools.gnu-tools-for-stm32.13.3.rel1.win32_1.0.100.202509120712/tools/bin/../lib/gcc/arm-none-eabi/13.3.1/../../../../arm-none-eabi/lib/thumb/v7e-m+fp/hard\libc_nano.a(libc_a-wbuf.o)
                              C:/ST/STM32CubeIDE_2.0.0/STM32CubeIDE/plugins/com.st.stm32cube.ide.mcu.externaltools.gnu-tools-for-stm32.13.3.rel1.win32_1.0.100.202509120712/tools/bin/../lib/gcc/arm-none-eabi/13.3.1/../../../../arm-none-eabi/lib/thumb/v7e-m+fp/hard\libc_nano.a(libc_a-puts.o) (__swbuf_r)
C:/ST/STM32CubeIDE_2.0.0/STM32CubeIDE/plugins/com.st.stm32cube.ide.mcu.externaltools.gnu-tools-for-stm32.13.3.rel1.win32_1.0.100.202509120712/tools/bin/../lib/gcc/arm-none-eabi/13.3.1/../../../../arm-none-eabi/lib/thumb/v7e-m+fp/hard\libc_nano.a(libc_a-wsetup.o)
                              C:/ST/STM32CubeIDE_2.0.0/STM32CubeIDE/plugins/com.st.stm32cube.ide.mcu.externaltools.gnu-tools-for-stm32.13.3.rel1.win32_1.0.100.202509120712/tools/bin/../lib/gcc/arm-none-eabi/13.3.1/../../../../arm-none-eabi/lib/thumb/v7e-m+fp/hard\libc_nano.a(libc_a-puts.o) (__swsetup_r)
C:/ST/STM32CubeIDE_2.0.0/STM32CubeIDE/plugins/com.st.stm32cube.ide.mcu.externaltools.gnu-tools-for-stm32.13.3.rel1.win32_1.0.100.202509120712/tools/bin/../lib/gcc/arm-none-eabi/13.3.1/../../../../arm-none-eabi/lib/thumb/v7e-m+fp/hard\libc_nano.a(libc_a-memset.o)
[...]
Memory Configuration

Name             Origin             Length             Attributes
RAM              0x20000000         0x00018000         xrw
RAM2             0x10000000         0x00008000         xrw
FLASH            0x08000000         0x00100000         xr
*default*        0x00000000         0xffffffff

Linker script and memory map

LOAD C:/ST/STM32CubeIDE_2.0.0/STM32CubeIDE/plugins/com.st.stm32cube.ide.mcu.externaltools.gnu-tools-for-stm32.13.3.rel1.win32_1.0.100.202509120712/tools/bin/../lib/gcc/arm-none-eabi/13.3.1/thumb/v7e-m+fp/hard/crti.o
LOAD C:/ST/STM32CubeIDE_2.0.0/STM32CubeIDE/plugins/com.st.stm32cube.ide.mcu.externaltools.gnu-tools-for-stm32.13.3.rel1.win32_1.0.100.202509120712/tools/bin/../lib/gcc/arm-none-eabi/13.3.1/thumb/v7e-m+fp/hard/crtbegin.o
LOAD C:/ST/STM32CubeIDE_2.0.0/STM32CubeIDE/plugins/com.st.stm32cube.ide.mcu.externaltools.gnu-tools-for-stm32.13.3.rel1.win32_1.0.100.202509120712/tools/bin/../lib/gcc/arm-none-eabi/13.3.1/../../../../arm-none-eabi/lib/thumb/v7e-m+fp/hard/crt0.o
LOAD ./Core/Src/MultiFunctionShield.o
LOAD ./Core/Src/freertos.o
LOAD ./Core/Src/main.o
LOAD ./Core/Src/stm32l4xx_hal_msp.o
LOAD ./Core/Src/stm32l4xx_hal_timebase_tim.o
LOAD ./Core/Src/stm32l4xx_it.o
LOAD ./Core/Src/syscalls.o
LOAD ./Core/Src/sysmem.o
LOAD ./Core/Src/system_stm32l4xx.o
LOAD ./Core/Startup/startup_stm32l476rgtx.o
LOAD ./Drivers/STM32L4xx_HAL_Driver/Src/stm32l4xx_hal.o
LOAD ./Drivers/STM32L4xx_HAL_Driver/Src/stm32l4xx_hal_cortex.o
LOAD ./Drivers/STM32L4xx_HAL_Driver/Src/stm32l4xx_hal_dma.o
LOAD ./Drivers/STM32L4xx_HAL_Driver/Src/stm32l4xx_hal_dma_ex.o
LOAD ./Drivers/STM32L4xx_HAL_Driver/Src/stm32l4xx_hal_exti.o
LOAD ./Drivers/STM32L4xx_HAL_Driver/Src/stm32l4xx_hal_flash.o
LOAD ./Drivers/STM32L4xx_HAL_Driver/Src/stm32l4xx_hal_flash_ex.o
LOAD ./Drivers/STM32L4xx_HAL_Driver/Src/stm32l4xx_hal_flash_ramfunc.o
LOAD ./Drivers/STM32L4xx_HAL_Driver/Src/stm32l4xx_hal_gpio.o
LOAD ./Drivers/STM32L4xx_HAL_Driver/Src/stm32l4xx_hal_i2c.o
LOAD ./Drivers/STM32L4xx_HAL_Driver/Src/stm32l4xx_hal_i2c_ex.o
LOAD ./Drivers/STM32L4xx_HAL_Driver/Src/stm32l4xx_hal_pwr.o
LOAD ./Drivers/STM32L4xx_HAL_Driver/Src/stm32l4xx_hal_pwr_ex.o
LOAD ./Drivers/STM32L4xx_HAL_Driver/Src/stm32l4xx_hal_rcc.o
LOAD ./Drivers/STM32L4xx_HAL_Driver/Src/stm32l4xx_hal_rcc_ex.o
LOAD ./Drivers/STM32L4xx_HAL_Driver/Src/stm32l4xx_hal_tim.o
LOAD ./Drivers/STM32L4xx_HAL_Driver/Src/stm32l4xx_hal_tim_ex.o
LOAD ./Drivers/STM32L4xx_HAL_Driver/Src/stm32l4xx_hal_uart.o
LOAD ./Drivers/STM32L4xx_HAL_Driver/Src/stm32l4xx_hal_uart_ex.o
LOAD ./Middlewares/Third_Party/FreeRTOS/Source/CMSIS_RTOS_V2/cmsis_os2.o
LOAD ./Middlewares/Third_Party/FreeRTOS/Source/croutine.o
LOAD ./Middlewares/Third_Party/FreeRTOS/Source/event_groups.o
LOAD ./Middlewares/Third_Party/FreeRTOS/Source/list.o
LOAD ./Middlewares/Third_Party/FreeRTOS/Source/queue.o
LOAD ./Middlewares/Third_Party/FreeRTOS/Source/stream_buffer.o
LOAD ./Middlewares/Third_Party/FreeRTOS/Source/tasks.o
LOAD ./Middlewares/Third_Party/FreeRTOS/Source/timers.o
LOAD ./Middlewares/Third_Party/FreeRTOS/Source/portable/GCC/ARM_CM4F/port.o
LOAD ./Middlewares/Third_Party/FreeRTOS/Source/portable/MemMang/heap_4.o
START GROUP
LOAD C:/ST/STM32CubeIDE_2.0.0/STM32CubeIDE/plugins/com.st.stm32cube.ide.mcu.externaltools.gnu-tools-for-stm32.13.3.rel1.win32_1.0.100.202509120712/tools/bin/../lib/gcc/arm-none-eabi/13.3.1/../../../../arm-none-eabi/lib/thumb/v7e-m+fp/hard\libc_nano.a
LOAD C:/ST/STM32CubeIDE_2.0.0/STM32CubeIDE/plugins/com.st.stm32cube.ide.mcu.externaltools.gnu-tools-for-stm32.13.3.rel1.win32_1.0.100.202509120712/tools/bin/../lib/gcc/arm-none-eabi/13.3.1/../../../../arm-none-eabi/lib/thumb/v7e-m+fp/hard\libm.a
END GROUP
START GROUP
LOAD C:/ST/STM32CubeIDE_2.0.0/STM32CubeIDE/plugins/com.st.stm32cube.ide.mcu.externaltools.gnu-tools-for-stm32.13.3.rel1.win32_1.0.100.202509120712/tools/bin/../lib/gcc/arm-none-eabi/13.3.1/thumb/v7e-m+fp/hard\libgcc.a
LOAD C:/ST/STM32CubeIDE_2.0.0/STM32CubeIDE/plugins/com.st.stm32cube.ide.mcu.externaltools.gnu-tools-for-stm32.13.3.rel1.win32_1.0.100.202509120712/tools/bin/../lib/gcc/arm-none-eabi/13.3.1/../../../../arm-none-eabi/lib/thumb/v7e-m+fp/hard\libc_nano.a
END GROUP
START GROUP
LOAD C:/ST/STM32CubeIDE_2.0.0/STM32CubeIDE/plugins/com.st.stm32cube.ide.mcu.externaltools.gnu-tools-for-stm32.13.3.rel1.win32_1.0.100.202509120712/tools/bin/../lib/gcc/arm-none-eabi/13.3.1/thumb/v7e-m+fp/hard\libgcc.a
LOAD C:/ST/STM32CubeIDE_2.0.0/STM32CubeIDE/plugins/com.st.stm32cube.ide.mcu.externaltools.gnu-tools-for-stm32.13.3.rel1.win32_1.0.100.202509120712/tools/bin/../lib/gcc/arm-none-eabi/13.3.1/../../../../arm-none-eabi/lib/thumb/v7e-m+fp/hard\libc_nano.a
LOAD C:/ST/STM32CubeIDE_2.0.0/STM32CubeIDE/plugins/com.st.stm32cube.ide.mcu.externaltools.gnu-tools-for-stm32.13.3.rel1.win32_1.0.100.202509120712/tools/bin/../lib/gcc/arm-none-eabi/13.3.1/../../../../arm-none-eabi/lib/thumb/v7e-m+fp/hard\libnosys.a
END GROUP
START GROUP
LOAD C:/ST/STM32CubeIDE_2.0.0/STM32CubeIDE/plugins/com.st.stm32cube.ide.mcu.externaltools.gnu-tools-for-stm32.13.3.rel1.win32_1.0.100.202509120712/tools/bin/../lib/gcc/arm-none-eabi/13.3.1/thumb/v7e-m+fp/hard\libgcc.a
LOAD C:/ST/STM32CubeIDE_2.0.0/STM32CubeIDE/plugins/com.st.stm32cube.ide.mcu.externaltools.gnu-tools-for-stm32.13.3.rel1.win32_1.0.100.202509120712/tools/bin/../lib/gcc/arm-none-eabi/13.3.1/../../../../arm-none-eabi/lib/thumb/v7e-m+fp/hard\libc_nano.a
LOAD C:/ST/STM32CubeIDE_2.0.0/STM32CubeIDE/plugins/com.st.stm32cube.ide.mcu.externaltools.gnu-tools-for-stm32.13.3.rel1.win32_1.0.100.202509120712/tools/bin/../lib/gcc/arm-none-eabi/13.3.1/../../../../arm-none-eabi/lib/thumb/v7e-m+fp/hard\libnosys.a
END GROUP
LOAD C:/ST/STM32CubeIDE_2.0.0/STM32CubeIDE/plugins/com.st.stm32cube.ide.mcu.externaltools.gnu-tools-for-stm32.13.3.rel1.win32_1.0.100.202509120712/tools/bin/../lib/gcc/arm-none-eabi/13.3.1/thumb/v7e-m+fp/hard/crtend.o
LOAD C:/ST/STM32CubeIDE_2.0.0/STM32CubeIDE/plugins/com.st.stm32cube.ide.mcu.externaltools.gnu-tools-for-stm32.13.3.rel1.win32_1.0.100.202509120712/tools/bin/../lib/gcc/arm-none-eabi/13.3.1/thumb/v7e-m+fp/hard/crtn.o
                0x20018000                        _estack = (ORIGIN (RAM) + LENGTH (RAM))
                0x00000200                        _Min_Heap_Size = 0x200
                0x00000400                        _Min_Stack_Size = 0x400

.isr_vector     0x08000000      0x188
                0x08000000                        . = ALIGN (0x4)
 *(.isr_vector)
 .isr_vector    0x08000000      0x188 ./Core/Startup/startup_stm32l476rgtx.o
                0x08000000                g_pfnVectors
                0x08000188                        . = ALIGN (0x4)

.text           0x08000190     0xa9d0
                0x08000190                        . = ALIGN (0x4)
 *(.text)
 .text          0x08000190       0x40 C:/ST/STM32CubeIDE_2.0.0/STM32CubeIDE/plugins/com.st.stm32cube.ide.mcu.externaltools.gnu-tools-for-stm32.13.3.rel1.win32_1.0.100.202509120712/tools/bin/../lib/gcc/arm-none-eabi/13.3.1/thumb/v7e-m+fp/hard/crtbegin.o
 .text          0x080001d0       0xa0 C:/ST/STM32CubeIDE_2.0.0/STM32CubeIDE/plugins/com.st.stm32cube.ide.mcu.externaltools.gnu-tools-for-stm32.13.3.rel1.win32_1.0.100.202509120712/tools/bin/../lib/gcc/arm-none-eabi/13.3.1/../../../../arm-none-eabi/lib/thumb/v7e-m+fp/hard\libc_nano.a(libc_a-memchr.o)
                0x080001d0                memchr
 .text          0x08000270       0x30 C:/ST/STM32CubeIDE_2.0.0/STM32CubeIDE/plugins/com.st.stm32cube.ide.mcu.externaltools.gnu-tools-for-stm32.13.3.rel1.win32_1.0.100.202509120712/tools/bin/../lib/gcc/arm-none-eabi/13.3.1/thumb/v7e-m+fp/hard\libgcc.a(_aeabi_uldivmod.o)
                0x08000270                __aeabi_uldivmod
 .text          0x080002a0      0x2f8 C:/ST/STM32CubeIDE_2.0.0/STM32CubeIDE/plugins/com.st.stm32cube.ide.mcu.externaltools.gnu-tools-for-stm32.13.3.rel1.win32_1.0.100.202509120712/tools/bin/../lib/gcc/arm-none-eabi/13.3.1/thumb/v7e-m+fp/hard\libgcc.a(_udivmoddi4.o)
                0x080002a0                __udivmoddi4
 .text          0x08000598        0x4 C:/ST/STM32CubeIDE_2.0.0/STM32CubeIDE/plugins/com.st.stm32cube.ide.mcu.externaltools.gnu-tools-for-stm32.13.3.rel1.win32_1.0.100.202509120712/tools/bin/../lib/gcc/arm-none-eabi/13.3.1/thumb/v7e-m+fp/hard\libgcc.a(_dvmd_tls.o)
                0x08000598                __aeabi_idiv0
                0x08000598                __aeabi_ldiv0
 *(.text*)
 .text.shiftOut
                0x0800059c       0x9c ./Core/Src/MultiFunctionShield.o
                0x0800059c                shiftOut
 .text.Display_the_FULL
                0x08000638       0x2c ./Core/Src/MultiFunctionShield.o
                0x08000638                Display_the_FULL
 .text.MultiFunctionShield_Display
                0x08000664      0x234 ./Core/Src/MultiFunctionShield.o
                0x08000664                MultiFunctionShield_Display
 .text.Clear_LEDs
                0x08000898       0x3c ./Core/Src/MultiFunctionShield.o
                0x08000898                Clear_LEDs
 .text.MultiFunctionShield_Clear
                0x080008d4       0x2c ./Core/Src/MultiFunctionShield.o
                0x080008d4                MultiFunctionShield_Clear
 .text.MultiFunctionShield_WriteNumberToSegment
                0x08000900       0x74 ./Core/Src/MultiFunctionShield.o
                0x08000900                MultiFunctionShield_WriteNumberToSegment
 .text.MultiFunctionShield__ISRFunc
                0x08000974       0x64 ./Core/Src/MultiFunctionShield.o
                0x08000974                MultiFunctionShield__ISRFunc
 .text.get_random_char
                0x080009d8       0x34 ./Core/Src/main.o
                0x080009d8                get_random_char
 .text.main     0x08000a0c      0x19c ./Core/Src/main.o
                0x08000a0c                main
 .text.SystemClock_Config
                0x08000ba8       0xa2 ./Core/Src/main.o
                0x08000ba8                SystemClock_Config
 *fill*         0x08000c4a        0x2 
 .text.MX_TIM4_Init
                0x08000c4c       0xf0 ./Core/Src/main.o
 .text.MX_TIM7_Init
                0x08000d3c       0x70 ./Core/Src/main.o
 .text.MX_TIM17_Init
                0x08000dac       0x4c ./Core/Src/main.o
 .text.MX_USART2_UART_Init
                0x08000df8       0x60 ./Core/Src/main.o
 .text.MX_GPIO_Init
                0x08000e58      0x1a8 ./Core/Src/main.o
 .text.Random_Symbols_is_Running_Task
                0x08001000       0x40 ./Core/Src/main.o
                0x08001000                Random_Symbols_is_Running_Task
 .text.Random_lowercase_is_Running_Task
                0x08001040       0x40 ./Core/Src/main.o
                0x08001040                Random_lowercase_is_Running_Task
 .text.Process_Queue_Task
                0x08001080       0x64 ./Core/Src/main.o
                0x08001080                Process_Queue_Task
 .text.Display_Queue_Status_Task
                0x080010e4       0x54 ./Core/Src/main.o
                0x080010e4                Display_Queue_Status_Task
 .text.__io_putchar
                0x08001138       0x24 ./Core/Src/main.o
                0x08001138                __io_putchar
 .text.process_button_Task
                0x0800115c      0x180 ./Core/Src/main.o
                0x0800115c                process_button_Task
 .text.HAL_GPIO_EXTI_Callback
                0x080012dc       0x44 ./Core/Src/main.o
                0x080012dc                HAL_GPIO_EXTI_Callback
 .text.StartDefaultTask
                0x08001320       0x30 ./Core/Src/main.o
                0x08001320                StartDefaultTask
 .text.Add_Random_Symbols_to_Queue
                0x08001350       0x30 ./Core/Src/main.o
                0x08001350                Add_Random_Symbols_to_Queue
 .text.Add_Random_lowercase_to_Queue
                0x08001380       0x14 ./Core/Src/main.o
                0x08001380                Add_Random_lowercase_to_Queue
 .text.HAL_TIM_PeriodElapsedCallback
                0x08001394       0x30 ./Core/Src/main.o
                0x08001394                HAL_TIM_PeriodElapsedCallback
 .text.HAL_UART_RxCpltCallback
                0x080013c4       0x70 ./Core/Src/main.o
                0x080013c4                HAL_UART_RxCpltCallback
 .text.Error_Handler
                0x08001434        0xc ./Core/Src/main.o
                0x08001434                Error_Handler
 .text.HAL_MspInit
                0x08001440       0x50 ./Core/Src/stm32l4xx_hal_msp.o
                0x08001440                HAL_MspInit
 .text.HAL_TIM_Base_MspInit
                0x08001490       0xac ./Core/Src/stm32l4xx_hal_msp.o
                0x08001490                HAL_TIM_Base_MspInit
 .text.HAL_TIM_MspPostInit
                0x0800153c       0x80 ./Core/Src/stm32l4xx_hal_msp.o
                0x0800153c                HAL_TIM_MspPostInit
 .text.HAL_UART_MspInit
                0x080015bc       0xc8 ./Core/Src/stm32l4xx_hal_msp.o
                0x080015bc                HAL_UART_MspInit
 .text.HAL_InitTick
                0x08001684       0xf0 ./Core/Src/stm32l4xx_hal_timebase_tim.o
                0x08001684                HAL_InitTick
 .text.NMI_Handler
                0x08001774        0x8 ./Core/Src/stm32l4xx_it.o
                0x08001774                NMI_Handler
 .text.HardFault_Handler
                0x0800177c        0x8 ./Core/Src/stm32l4xx_it.o
                0x0800177c                HardFault_Handler
 .text.MemManage_Handler
                0x08001784        0x8 ./Core/Src/stm32l4xx_it.o
                0x08001784                MemManage_Handler
 .text.BusFault_Handler
                0x0800178c        0x8 ./Core/Src/stm32l4xx_it.o
                0x0800178c                BusFault_Handler
 .text.UsageFault_Handler
                0x08001794        0x8 ./Core/Src/stm32l4xx_it.o
                0x08001794                UsageFault_Handler
 .text.DebugMon_Handler
                0x0800179c        0xe ./Core/Src/stm32l4xx_it.o
                0x0800179c                DebugMon_Handler
 .text.EXTI0_IRQHandler
                0x080017aa        0xe ./Core/Src/stm32l4xx_it.o
                0x080017aa                EXTI0_IRQHandler
 .text.EXTI1_IRQHandler
                0x080017b8        0xe ./Core/Src/stm32l4xx_it.o
                0x080017b8                EXTI1_IRQHandler
 .text.EXTI4_IRQHandler
                0x080017c6        0xe ./Core/Src/stm32l4xx_it.o
                0x080017c6                EXTI4_IRQHandler
 .text.TIM1_TRG_COM_TIM17_IRQHandler
                0x080017d4       0x14 ./Core/Src/stm32l4xx_it.o
                0x080017d4                TIM1_TRG_COM_TIM17_IRQHandler
 .text.TIM2_IRQHandler
                0x080017e8       0x14 ./Core/Src/stm32l4xx_it.o
                0x080017e8                TIM2_IRQHandler
 .text.USART2_IRQHandler
                0x080017fc       0x14 ./Core/Src/stm32l4xx_it.o
                0x080017fc                USART2_IRQHandler
 .text.EXTI15_10_IRQHandler
                0x08001810       0x10 ./Core/Src/stm32l4xx_it.o
                0x08001810                EXTI15_10_IRQHandler
 .text.TIM7_IRQHandler
                0x08001820       0x14 ./Core/Src/stm32l4xx_it.o
                0x08001820                TIM7_IRQHandler
 .text._getpid  0x08001834       0x10 ./Core/Src/syscalls.o
                0x08001834                _getpid
 .text._kill    0x08001844       0x20 ./Core/Src/syscalls.o
                0x08001844                _kill
 .text._exit    0x08001864       0x16 ./Core/Src/syscalls.o
                0x08001864                _exit
 .text._read    0x0800187a       0x3a ./Core/Src/syscalls.o
                0x0800187a                _read
 .text._write   0x080018b4       0x38 ./Core/Src/syscalls.o
                0x080018b4                _write
 .text._close   0x080018ec       0x18 ./Core/Src/syscalls.o
                0x080018ec                _close
 .text._fstat   0x08001904       0x20 ./Core/Src/syscalls.o
                0x08001904                _fstat
 .text._isatty  0x08001924       0x16 ./Core/Src/syscalls.o
                0x08001924                _isatty
 .text._lseek   0x0800193a       0x1a ./Core/Src/syscalls.o
                0x0800193a                _lseek
 .text._sbrk    0x08001954       0x6c ./Core/Src/sysmem.o
                0x08001954                _sbrk
 .text.SystemInit
                0x080019c0       0x24 ./Core/Src/system_stm32l4xx.o
                0x080019c0                SystemInit
 .text.Reset_Handler
                0x080019e4       0x50 ./Core/Startup/startup_stm32l476rgtx.o
                0x080019e4                Reset_Handler
 .text.Default_Handler
                0x08001a34        0x2 ./Core/Startup/startup_stm32l476rgtx.o
                0x08001a34                RTC_Alarm_IRQHandler
                0x08001a34                EXTI2_IRQHandler
                0x08001a34                TIM8_TRG_COM_IRQHandler
                0x08001a34                TIM8_CC_IRQHandler
                0x08001a34                TIM1_CC_IRQHandler
                0x08001a34                TSC_IRQHandler
                0x08001a34                TAMP_STAMP_IRQHandler
                0x08001a34                EXTI3_IRQHandler
                0x08001a34                LPTIM2_IRQHandler
                0x08001a34                DFSDM1_FLT1_IRQHandler
                0x08001a34                I2C3_ER_IRQHandler
                0x08001a34                DFSDM1_FLT2_IRQHandler
                0x08001a34                I2C2_EV_IRQHandler
                0x08001a34                CAN1_RX0_IRQHandler
                0x08001a34                FPU_IRQHandler
                0x08001a34                TIM1_UP_TIM16_IRQHandler
                0x08001a34                ADC1_2_IRQHandler
                0x08001a34                SPI1_IRQHandler
                0x08001a34                TIM6_DAC_IRQHandler
                0x08001a34                TIM8_UP_IRQHandler
                0x08001a34                DMA2_Channel2_IRQHandler
                0x08001a34                DMA1_Channel4_IRQHandler
                0x08001a34                SAI2_IRQHandler
                0x08001a34                DFSDM1_FLT3_IRQHandler
                0x08001a34                USART3_IRQHandler
                0x08001a34                DMA1_Channel7_IRQHandler
                0x08001a34                CAN1_RX1_IRQHandler
                0x08001a34                LCD_IRQHandler
                0x08001a34                UART5_IRQHandler
                0x08001a34                ADC3_IRQHandler
                0x08001a34                TIM4_IRQHandler
                0x08001a34                DMA2_Channel1_IRQHandler
                0x08001a34                QUADSPI_IRQHandler
                0x08001a34                I2C1_EV_IRQHandler
                0x08001a34                DMA1_Channel6_IRQHandler
                0x08001a34                UART4_IRQHandler
                0x08001a34                DMA2_Channel4_IRQHandler
                0x08001a34                TIM3_IRQHandler
                0x08001a34                RCC_IRQHandler
                0x08001a34                DMA1_Channel1_IRQHandler
                0x08001a34                Default_Handler
                0x08001a34                DMA2_Channel7_IRQHandler
                0x08001a34                SDMMC1_IRQHandler
                0x08001a34                TIM5_IRQHandler
                0x08001a34                I2C3_EV_IRQHandler
                0x08001a34                EXTI9_5_IRQHandler
                0x08001a34                RTC_WKUP_IRQHandler
                0x08001a34                PVD_PVM_IRQHandler
                0x08001a34                SPI2_IRQHandler
                0x08001a34                CAN1_TX_IRQHandler
                0x08001a34                DMA2_Channel5_IRQHandler
                0x08001a34                DMA1_Channel5_IRQHandler
                0x08001a34                RNG_IRQHandler
                0x08001a34                DMA1_Channel3_IRQHandler
                0x08001a34                COMP_IRQHandler
                0x08001a34                WWDG_IRQHandler
                0x08001a34                LPUART1_IRQHandler
                0x08001a34                DMA2_Channel6_IRQHandler
                0x08001a34                DFSDM1_FLT0_IRQHandler
                0x08001a34                I2C2_ER_IRQHandler
                0x08001a34                DMA1_Channel2_IRQHandler
                0x08001a34                TIM8_BRK_IRQHandler
                0x08001a34                CAN1_SCE_IRQHandler
                0x08001a34                FLASH_IRQHandler
                0x08001a34                USART1_IRQHandler
                0x08001a34                OTG_FS_IRQHandler
                0x08001a34                SPI3_IRQHandler
                0x08001a34                I2C1_ER_IRQHandler
                0x08001a34                FMC_IRQHandler
                0x08001a34                SWPMI1_IRQHandler
                0x08001a34                LPTIM1_IRQHandler
                0x08001a34                SAI1_IRQHandler
                0x08001a34                DMA2_Channel3_IRQHandler
                0x08001a34                TIM1_BRK_TIM15_IRQHandler
 *fill*         0x08001a36        0x2 
 .text.HAL_Init
                0x08001a38       0x40 ./Drivers/STM32L4xx_HAL_Driver/Src/stm32l4xx_hal.o
                0x08001a38                HAL_Init
 .text.HAL_IncTick
                0x08001a78       0x28 ./Drivers/STM32L4xx_HAL_Driver/Src/stm32l4xx_hal.o
                0x08001a78                HAL_IncTick
 .text.HAL_GetTick
                0x08001aa0       0x18 ./Drivers/STM32L4xx_HAL_Driver/Src/stm32l4xx_hal.o
                0x08001aa0                HAL_GetTick
 .text.__NVIC_SetPriorityGrouping
                0x08001ab8       0x48 ./Drivers/STM32L4xx_HAL_Driver/Src/stm32l4xx_hal_cortex.o
 .text.__NVIC_GetPriorityGrouping
                0x08001b00       0x1c ./Drivers/STM32L4xx_HAL_Driver/Src/stm32l4xx_hal_cortex.o
 .text.__NVIC_EnableIRQ
                0x08001b1c       0x3c ./Drivers/STM32L4xx_HAL_Driver/Src/stm32l4xx_hal_cortex.o
 .text.__NVIC_SetPriority
                0x08001b58       0x54 ./Drivers/STM32L4xx_HAL_Driver/Src/stm32l4xx_hal_cortex.o
 .text.NVIC_EncodePriority
                0x08001bac       0x66 ./Drivers/STM32L4xx_HAL_Driver/Src/stm32l4xx_hal_cortex.o
 .text.HAL_NVIC_SetPriorityGrouping
                0x08001c12       0x16 ./Drivers/STM32L4xx_HAL_Driver/Src/stm32l4xx_hal_cortex.o
                0x08001c12                HAL_NVIC_SetPriorityGrouping
 .text.HAL_NVIC_SetPriority
                0x08001c28       0x38 ./Drivers/STM32L4xx_HAL_Driver/Src/stm32l4xx_hal_cortex.o
                0x08001c28                HAL_NVIC_SetPriority
 .text.HAL_NVIC_EnableIRQ
                0x08001c60       0x1c ./Drivers/STM32L4xx_HAL_Driver/Src/stm32l4xx_hal_cortex.o
                0x08001c60                HAL_NVIC_EnableIRQ
 .text.HAL_DMA_Abort
                0x08001c7c       0x82 ./Drivers/STM32L4xx_HAL_Driver/Src/stm32l4xx_hal_dma.o
                0x08001c7c                HAL_DMA_Abort
 .text.HAL_DMA_Abort_IT
                0x08001cfe       0x82 ./Drivers/STM32L4xx_HAL_Driver/Src/stm32l4xx_hal_dma.o
                0x08001cfe                HAL_DMA_Abort_IT
 .text.HAL_GPIO_Init
                0x08001d80      0x354 ./Drivers/STM32L4xx_HAL_Driver/Src/stm32l4xx_hal_gpio.o
                0x08001d80                HAL_GPIO_Init
 .text.HAL_GPIO_WritePin
                0x080020d4       0x30 ./Drivers/STM32L4xx_HAL_Driver/Src/stm32l4xx_hal_gpio.o
                0x080020d4                HAL_GPIO_WritePin
 .text.HAL_GPIO_TogglePin
                0x08002104       0x34 ./Drivers/STM32L4xx_HAL_Driver/Src/stm32l4xx_hal_gpio.o
                0x08002104                HAL_GPIO_TogglePin
 .text.HAL_GPIO_EXTI_IRQHandler
                0x08002138       0x30 ./Drivers/STM32L4xx_HAL_Driver/Src/stm32l4xx_hal_gpio.o
                0x08002138                HAL_GPIO_EXTI_IRQHandler
 .text.HAL_PWREx_GetVoltageRange
                0x08002168       0x1c ./Drivers/STM32L4xx_HAL_Driver/Src/stm32l4xx_hal_pwr_ex.o
                0x08002168                HAL_PWREx_GetVoltageRange
 .text.HAL_PWREx_ControlVoltageScaling
                0x08002184       0xac ./Drivers/STM32L4xx_HAL_Driver/Src/stm32l4xx_hal_pwr_ex.o
                0x08002184                HAL_PWREx_ControlVoltageScaling
 .text.HAL_RCC_OscConfig
                0x08002230      0x7b8 ./Drivers/STM32L4xx_HAL_Driver/Src/stm32l4xx_hal_rcc.o
                0x08002230                HAL_RCC_OscConfig
 .text.HAL_RCC_ClockConfig
                0x080029e8      0x200 ./Drivers/STM32L4xx_HAL_Driver/Src/stm32l4xx_hal_rcc.o
                0x080029e8                HAL_RCC_ClockConfig
 .text.HAL_RCC_GetSysClockFreq
                0x08002be8      0x118 ./Drivers/STM32L4xx_HAL_Driver/Src/stm32l4xx_hal_rcc.o
                0x08002be8                HAL_RCC_GetSysClockFreq
 .text.HAL_RCC_GetHCLKFreq
                0x08002d00       0x18 ./Drivers/STM32L4xx_HAL_Driver/Src/stm32l4xx_hal_rcc.o
                0x08002d00                HAL_RCC_GetHCLKFreq
 .text.HAL_RCC_GetPCLK1Freq
                0x08002d18       0x2c ./Drivers/STM32L4xx_HAL_Driver/Src/stm32l4xx_hal_rcc.o
                0x08002d18                HAL_RCC_GetPCLK1Freq
 .text.HAL_RCC_GetPCLK2Freq
                0x08002d44       0x2c ./Drivers/STM32L4xx_HAL_Driver/Src/stm32l4xx_hal_rcc.o
                0x08002d44                HAL_RCC_GetPCLK2Freq
 .text.HAL_RCC_GetClockConfig
                0x08002d70       0x64 ./Drivers/STM32L4xx_HAL_Driver/Src/stm32l4xx_hal_rcc.o
                0x08002d70                HAL_RCC_GetClockConfig
 .text.RCC_SetFlashLatencyFromMSIRange
                0x08002dd4       0xc0 ./Drivers/STM32L4xx_HAL_Driver/Src/stm32l4xx_hal_rcc.o
 .text.HAL_RCCEx_PeriphCLKConfig
                0x08002e94      0x5d4 ./Drivers/STM32L4xx_HAL_Driver/Src/stm32l4xx_hal_rcc_ex.o
                0x08002e94                HAL_RCCEx_PeriphCLKConfig
 .text.RCCEx_PLLSAI1_Config
                0x08003468      0x1e8 ./Drivers/STM32L4xx_HAL_Driver/Src/stm32l4xx_hal_rcc_ex.o
 .text.RCCEx_PLLSAI2_Config
                0x08003650      0x1bc ./Drivers/STM32L4xx_HAL_Driver/Src/stm32l4xx_hal_rcc_ex.o
 .text.HAL_TIM_Base_Init
                0x0800380c       0xae ./Drivers/STM32L4xx_HAL_Driver/Src/stm32l4xx_hal_tim.o
                0x0800380c                HAL_TIM_Base_Init
 *fill*         0x080038ba        0x2 
 .text.HAL_TIM_Base_Start_IT
                0x080038bc       0xe0 ./Drivers/STM32L4xx_HAL_Driver/Src/stm32l4xx_hal_tim.o
                0x080038bc                HAL_TIM_Base_Start_IT
 .text.HAL_TIM_PWM_Init
                0x0800399c       0xae ./Drivers/STM32L4xx_HAL_Driver/Src/stm32l4xx_hal_tim.o
                0x0800399c                HAL_TIM_PWM_Init
 .text.HAL_TIM_PWM_MspInit
                0x08003a4a       0x14 ./Drivers/STM32L4xx_HAL_Driver/Src/stm32l4xx_hal_tim.o
                0x08003a4a                HAL_TIM_PWM_MspInit
 .text.HAL_TIM_IRQHandler
                0x08003a5e      0x20e ./Drivers/STM32L4xx_HAL_Driver/Src/stm32l4xx_hal_tim.o
                0x08003a5e                HAL_TIM_IRQHandler
 .text.HAL_TIM_PWM_ConfigChannel
                0x08003c6c      0x228 ./Drivers/STM32L4xx_HAL_Driver/Src/stm32l4xx_hal_tim.o
                0x08003c6c                HAL_TIM_PWM_ConfigChannel
 .text.HAL_TIM_ConfigClockSource
                0x08003e94      0x192 ./Drivers/STM32L4xx_HAL_Driver/Src/stm32l4xx_hal_tim.o
                0x08003e94                HAL_TIM_ConfigClockSource
 .text.HAL_TIM_OC_DelayElapsedCallback
                0x08004026       0x14 ./Drivers/STM32L4xx_HAL_Driver/Src/stm32l4xx_hal_tim.o
                0x08004026                HAL_TIM_OC_DelayElapsedCallback
 .text.HAL_TIM_IC_CaptureCallback
                0x0800403a       0x14 ./Drivers/STM32L4xx_HAL_Driver/Src/stm32l4xx_hal_tim.o
                0x0800403a                HAL_TIM_IC_CaptureCallback
 .text.HAL_TIM_PWM_PulseFinishedCallback
                0x0800404e       0x14 ./Drivers/STM32L4xx_HAL_Driver/Src/stm32l4xx_hal_tim.o
                0x0800404e                HAL_TIM_PWM_PulseFinishedCallback
 .text.HAL_TIM_TriggerCallback
                0x08004062       0x14 ./Drivers/STM32L4xx_HAL_Driver/Src/stm32l4xx_hal_tim.o
                0x08004062                HAL_TIM_TriggerCallback
 *fill*         0x08004076        0x2 
 .text.TIM_Base_SetConfig
                0x08004078      0x140 ./Drivers/STM32L4xx_HAL_Driver/Src/stm32l4xx_hal_tim.o
                0x08004078                TIM_Base_SetConfig
 .text.TIM_OC1_SetConfig
                0x080041b8      0x124 ./Drivers/STM32L4xx_HAL_Driver/Src/stm32l4xx_hal_tim.o
 .text.TIM_OC2_SetConfig
                0x080042dc      0x118 ./Drivers/STM32L4xx_HAL_Driver/Src/stm32l4xx_hal_tim.o
                0x080042dc                TIM_OC2_SetConfig
 .text.TIM_OC3_SetConfig
                0x080043f4      0x114 ./Drivers/STM32L4xx_HAL_Driver/Src/stm32l4xx_hal_tim.o
 .text.TIM_OC4_SetConfig
                0x08004508       0xd4 ./Drivers/STM32L4xx_HAL_Driver/Src/stm32l4xx_hal_tim.o
 .text.TIM_OC5_SetConfig
                0x080045dc       0xc8 ./Drivers/STM32L4xx_HAL_Driver/Src/stm32l4xx_hal_tim.o
 .text.TIM_OC6_SetConfig
                0x080046a4       0xcc ./Drivers/STM32L4xx_HAL_Driver/Src/stm32l4xx_hal_tim.o
 .text.TIM_TI1_ConfigInputStage
                0x08004770       0xa8 ./Drivers/STM32L4xx_HAL_Driver/Src/stm32l4xx_hal_tim.o
 .text.TIM_TI2_ConfigInputStage
                0x08004818       0x84 ./Drivers/STM32L4xx_HAL_Driver/Src/stm32l4xx_hal_tim.o
 .text.TIM_ITRx_SetConfig
                0x0800489c       0x36 ./Drivers/STM32L4xx_HAL_Driver/Src/stm32l4xx_hal_tim.o
 .text.TIM_ETR_SetConfig
                0x080048d2       0x40 ./Drivers/STM32L4xx_HAL_Driver/Src/stm32l4xx_hal_tim.o
                0x080048d2                TIM_ETR_SetConfig
 *fill*         0x08004912        0x2 
 .text.HAL_TIMEx_MasterConfigSynchronization
                0x08004914      0x110 ./Drivers/STM32L4xx_HAL_Driver/Src/stm32l4xx_hal_tim_ex.o
                0x08004914                HAL_TIMEx_MasterConfigSynchronization
 .text.HAL_TIMEx_CommutCallback
                0x08004a24       0x14 ./Drivers/STM32L4xx_HAL_Driver/Src/stm32l4xx_hal_tim_ex.o
                0x08004a24                HAL_TIMEx_CommutCallback
 .text.HAL_TIMEx_BreakCallback
                0x08004a38       0x14 ./Drivers/STM32L4xx_HAL_Driver/Src/stm32l4xx_hal_tim_ex.o
                0x08004a38                HAL_TIMEx_BreakCallback
 .text.HAL_TIMEx_Break2Callback
                0x08004a4c       0x14 ./Drivers/STM32L4xx_HAL_Driver/Src/stm32l4xx_hal_tim_ex.o
                0x08004a4c                HAL_TIMEx_Break2Callback
 .text.HAL_UART_Init
                0x08004a60       0x9c ./Drivers/STM32L4xx_HAL_Driver/Src/stm32l4xx_hal_uart.o
                0x08004a60                HAL_UART_Init
 .text.HAL_UART_Transmit
                0x08004afc      0x126 ./Drivers/STM32L4xx_HAL_Driver/Src/stm32l4xx_hal_uart.o
                0x08004afc                HAL_UART_Transmit
 *fill*         0x08004c22        0x2 
 .text.HAL_UART_Receive_IT
                0x08004c24       0x98 ./Drivers/STM32L4xx_HAL_Driver/Src/stm32l4xx_hal_uart.o
                0x08004c24                HAL_UART_Receive_IT
 .text.HAL_UART_IRQHandler
                0x08004cbc      0x60c ./Drivers/STM32L4xx_HAL_Driver/Src/stm32l4xx_hal_uart.o
                0x08004cbc                HAL_UART_IRQHandler
 .text.HAL_UART_TxCpltCallback
                0x080052c8       0x14 ./Drivers/STM32L4xx_HAL_Driver/Src/stm32l4xx_hal_uart.o
                0x080052c8                HAL_UART_TxCpltCallback
 .text.HAL_UART_ErrorCallback
                0x080052dc       0x14 ./Drivers/STM32L4xx_HAL_Driver/Src/stm32l4xx_hal_uart.o
                0x080052dc                HAL_UART_ErrorCallback
 .text.HAL_UARTEx_RxEventCallback
                0x080052f0       0x18 ./Drivers/STM32L4xx_HAL_Driver/Src/stm32l4xx_hal_uart.o
                0x080052f0                HAL_UARTEx_RxEventCallback
 .text.UART_SetConfig
                0x08005308      0x570 ./Drivers/STM32L4xx_HAL_Driver/Src/stm32l4xx_hal_uart.o
                0x08005308                UART_SetConfig
 .text.UART_AdvFeatureConfig
                0x08005878      0x144 ./Drivers/STM32L4xx_HAL_Driver/Src/stm32l4xx_hal_uart.o
                0x08005878                UART_AdvFeatureConfig
 .text.UART_CheckIdleState
                0x080059bc      0x150 ./Drivers/STM32L4xx_HAL_Driver/Src/stm32l4xx_hal_uart.o
                0x080059bc                UART_CheckIdleState
 .text.UART_WaitOnFlagUntilTimeout
                0x08005b0c       0xda ./Drivers/STM32L4xx_HAL_Driver/Src/stm32l4xx_hal_uart.o
                0x08005b0c                UART_WaitOnFlagUntilTimeout
 *fill*         0x08005be6        0x2 
 .text.UART_Start_Receive_IT
                0x08005be8      0x18c ./Drivers/STM32L4xx_HAL_Driver/Src/stm32l4xx_hal_uart.o
                0x08005be8                UART_Start_Receive_IT
 .text.UART_EndRxTransfer
                0x08005d74       0xc8 ./Drivers/STM32L4xx_HAL_Driver/Src/stm32l4xx_hal_uart.o
 .text.UART_DMAAbortOnError
                0x08005e3c       0x1c ./Drivers/STM32L4xx_HAL_Driver/Src/stm32l4xx_hal_uart.o
 .text.UART_EndTransmit_IT
                0x08005e58       0x54 ./Drivers/STM32L4xx_HAL_Driver/Src/stm32l4xx_hal_uart.o
 .text.UART_RxISR_8BIT
                0x08005eac      0x1b8 ./Drivers/STM32L4xx_HAL_Driver/Src/stm32l4xx_hal_uart.o
 .text.UART_RxISR_16BIT
                0x08006064      0x1b8 ./Drivers/STM32L4xx_HAL_Driver/Src/stm32l4xx_hal_uart.o
 .text.HAL_UARTEx_WakeupCallback
                0x0800621c       0x14 ./Drivers/STM32L4xx_HAL_Driver/Src/stm32l4xx_hal_uart_ex.o
                0x0800621c                HAL_UARTEx_WakeupCallback
 .text.__NVIC_SetPriority
                0x08006230       0x54 ./Middlewares/Third_Party/FreeRTOS/Source/CMSIS_RTOS_V2/cmsis_os2.o
 .text.SysTick_Handler
                0x08006284       0x20 ./Middlewares/Third_Party/FreeRTOS/Source/CMSIS_RTOS_V2/cmsis_os2.o
                0x08006284                SysTick_Handler
 .text.SVC_Setup
                0x080062a4       0x12 ./Middlewares/Third_Party/FreeRTOS/Source/CMSIS_RTOS_V2/cmsis_os2.o
 *fill*         0x080062b6        0x2 
 .text.osKernelInitialize
                0x080062b8       0x48 ./Middlewares/Third_Party/FreeRTOS/Source/CMSIS_RTOS_V2/cmsis_os2.o
                0x080062b8                osKernelInitialize
 .text.osKernelStart
                0x08006300       0x4c ./Middlewares/Third_Party/FreeRTOS/Source/CMSIS_RTOS_V2/cmsis_os2.o
                0x08006300                osKernelStart
 .text.osThreadNew
                0x0800634c      0x124 ./Middlewares/Third_Party/FreeRTOS/Source/CMSIS_RTOS_V2/cmsis_os2.o
                0x0800634c                osThreadNew
 .text.osDelay  0x08006470       0x36 ./Middlewares/Third_Party/FreeRTOS/Source/CMSIS_RTOS_V2/cmsis_os2.o
                0x08006470                osDelay
 .text.TimerCallback
                0x080064a6       0x2a ./Middlewares/Third_Party/FreeRTOS/Source/CMSIS_RTOS_V2/cmsis_os2.o
 .text.osTimerNew
                0x080064d0       0xf8 ./Middlewares/Third_Party/FreeRTOS/Source/CMSIS_RTOS_V2/cmsis_os2.o
                0x080064d0                osTimerNew
 .text.osTimerStart
                0x080065c8       0x5c ./Middlewares/Third_Party/FreeRTOS/Source/CMSIS_RTOS_V2/cmsis_os2.o
                0x080065c8                osTimerStart
 .text.osTimerStop
                0x08006624       0x6e ./Middlewares/Third_Party/FreeRTOS/Source/CMSIS_RTOS_V2/cmsis_os2.o
                0x08006624                osTimerStop
 .text.osTimerIsRunning
                0x08006692       0x38 ./Middlewares/Third_Party/FreeRTOS/Source/CMSIS_RTOS_V2/cmsis_os2.o
                0x08006692                osTimerIsRunning
 .text.osSemaphoreNew
                0x080066ca      0x112 ./Middlewares/Third_Party/FreeRTOS/Source/CMSIS_RTOS_V2/cmsis_os2.o
                0x080066ca                osSemaphoreNew
 .text.osMessageQueueNew
                0x080067dc       0xe6 ./Middlewares/Third_Party/FreeRTOS/Source/CMSIS_RTOS_V2/cmsis_os2.o
                0x080067dc                osMessageQueueNew
 *fill*         0x080068c2        0x2 
 .text.osMessageQueuePut
                0x080068c4       0xc0 ./Middlewares/Third_Party/FreeRTOS/Source/CMSIS_RTOS_V2/cmsis_os2.o
                0x080068c4                osMessageQueuePut
 .text.osMessageQueueGet
                0x08006984       0xbc ./Middlewares/Third_Party/FreeRTOS/Source/CMSIS_RTOS_V2/cmsis_os2.o
                0x08006984                osMessageQueueGet
 .text.osMessageQueueGetCount
                0x08006a40       0x40 ./Middlewares/Third_Party/FreeRTOS/Source/CMSIS_RTOS_V2/cmsis_os2.o
                0x08006a40                osMessageQueueGetCount
 .text.osMessageQueueReset
                0x08006a80       0x44 ./Middlewares/Third_Party/FreeRTOS/Source/CMSIS_RTOS_V2/cmsis_os2.o
                0x08006a80                osMessageQueueReset
 .text.vApplicationGetIdleTaskMemory
                0x08006ac4       0x34 ./Middlewares/Third_Party/FreeRTOS/Source/CMSIS_RTOS_V2/cmsis_os2.o
                0x08006ac4                vApplicationGetIdleTaskMemory
 .text.vApplicationGetTimerTaskMemory
                0x08006af8       0x34 ./Middlewares/Third_Party/FreeRTOS/Source/CMSIS_RTOS_V2/cmsis_os2.o
                0x08006af8                vApplicationGetTimerTaskMemory
 .text.vListInitialise
                0x08006b2c       0x40 ./Middlewares/Third_Party/FreeRTOS/Source/list.o
                0x08006b2c                vListInitialise
 .text.vListInitialiseItem
                0x08006b6c       0x1a ./Middlewares/Third_Party/FreeRTOS/Source/list.o
                0x08006b6c                vListInitialiseItem
 .text.vListInsertEnd
                0x08006b86       0x48 ./Middlewares/Third_Party/FreeRTOS/Source/list.o
                0x08006b86                vListInsertEnd
 .text.vListInsert
                0x08006bce       0x72 ./Middlewares/Third_Party/FreeRTOS/Source/list.o
                0x08006bce                vListInsert
 .text.uxListRemove
                0x08006c40       0x54 ./Middlewares/Third_Party/FreeRTOS/Source/list.o
                0x08006c40                uxListRemove
 .text.xQueueGenericReset
                0x08006c94       0xd4 ./Middlewares/Third_Party/FreeRTOS/Source/queue.o
                0x08006c94                xQueueGenericReset
 .text.xQueueGenericCreateStatic
                0x08006d68       0xfa ./Middlewares/Third_Party/FreeRTOS/Source/queue.o
                0x08006d68                xQueueGenericCreateStatic
 .text.xQueueGenericCreate
                0x08006e62       0x76 ./Middlewares/Third_Party/FreeRTOS/Source/queue.o
                0x08006e62                xQueueGenericCreate
 .text.prvInitialiseNewQueue
                0x08006ed8       0x46 ./Middlewares/Third_Party/FreeRTOS/Source/queue.o
 .text.xQueueCreateCountingSemaphoreStatic
                0x08006f1e       0x72 ./Middlewares/Third_Party/FreeRTOS/Source/queue.o
                0x08006f1e                xQueueCreateCountingSemaphoreStatic
 .text.xQueueCreateCountingSemaphore
                0x08006f90       0x6a ./Middlewares/Third_Party/FreeRTOS/Source/queue.o
                0x08006f90                xQueueCreateCountingSemaphore
 *fill*         0x08006ffa        0x2 
 .text.xQueueGenericSend
                0x08006ffc      0x204 ./Middlewares/Third_Party/FreeRTOS/Source/queue.o
                0x08006ffc                xQueueGenericSend
 .text.xQueueGenericSendFromISR
                0x08007200      0x13c ./Middlewares/Third_Party/FreeRTOS/Source/queue.o
                0x08007200                xQueueGenericSendFromISR
 .text.xQueueReceive
                0x0800733c      0x1c4 ./Middlewares/Third_Party/FreeRTOS/Source/queue.o
                0x0800733c                xQueueReceive
 .text.xQueueReceiveFromISR
                0x08007500      0x104 ./Middlewares/Third_Party/FreeRTOS/Source/queue.o
                0x08007500                xQueueReceiveFromISR
 .text.uxQueueMessagesWaiting
                0x08007604       0x3e ./Middlewares/Third_Party/FreeRTOS/Source/queue.o
                0x08007604                uxQueueMessagesWaiting
 .text.uxQueueMessagesWaitingFromISR
                0x08007642       0x3e ./Middlewares/Third_Party/FreeRTOS/Source/queue.o
                0x08007642                uxQueueMessagesWaitingFromISR
 .text.vQueueDelete
                0x08007680       0x48 ./Middlewares/Third_Party/FreeRTOS/Source/queue.o
                0x08007680                vQueueDelete
 .text.prvCopyDataToQueue
                0x080076c8       0xd4 ./Middlewares/Third_Party/FreeRTOS/Source/queue.o
 .text.prvCopyDataFromQueue
                0x0800779c       0x4c ./Middlewares/Third_Party/FreeRTOS/Source/queue.o
 .text.prvUnlockQueue
                0x080077e8       0xa4 ./Middlewares/Third_Party/FreeRTOS/Source/queue.o
 .text.prvIsQueueEmpty
                0x0800788c       0x2c ./Middlewares/Third_Party/FreeRTOS/Source/queue.o
 .text.prvIsQueueFull
                0x080078b8       0x30 ./Middlewares/Third_Party/FreeRTOS/Source/queue.o
 .text.vQueueAddToRegistry
                0x080078e8       0x54 ./Middlewares/Third_Party/FreeRTOS/Source/queue.o
                0x080078e8                vQueueAddToRegistry
 .text.vQueueUnregisterQueue
                0x0800793c       0x54 ./Middlewares/Third_Party/FreeRTOS/Source/queue.o
                0x0800793c                vQueueUnregisterQueue
 .text.vQueueWaitForMessageRestricted
                0x08007990       0x68 ./Middlewares/Third_Party/FreeRTOS/Source/queue.o
                0x08007990                vQueueWaitForMessageRestricted
 .text.xTaskCreateStatic
                0x080079f8       0xc0 ./Middlewares/Third_Party/FreeRTOS/Source/tasks.o
                0x080079f8                xTaskCreateStatic
 .text.xTaskCreate
                0x08007ab8       0x8a ./Middlewares/Third_Party/FreeRTOS/Source/tasks.o
                0x08007ab8                xTaskCreate
 *fill*         0x08007b42        0x2 
 .text.prvInitialiseNewTask
                0x08007b44      0x150 ./Middlewares/Third_Party/FreeRTOS/Source/tasks.o
 .text.prvAddNewTaskToReadyList
                0x08007c94       0xe0 ./Middlewares/Third_Party/FreeRTOS/Source/tasks.o
 .text.vTaskDelay
                0x08007d74       0x6c ./Middlewares/Third_Party/FreeRTOS/Source/tasks.o
                0x08007d74                vTaskDelay
 .text.vTaskStartScheduler
                0x08007de0       0xe0 ./Middlewares/Third_Party/FreeRTOS/Source/tasks.o
                0x08007de0                vTaskStartScheduler
 .text.vTaskSuspendAll
                0x08007ec0       0x1c ./Middlewares/Third_Party/FreeRTOS/Source/tasks.o
                0x08007ec0                vTaskSuspendAll
 .text.xTaskResumeAll
                0x08007edc      0x13c ./Middlewares/Third_Party/FreeRTOS/Source/tasks.o
                0x08007edc                xTaskResumeAll
 .text.xTaskGetTickCount
                0x08008018       0x20 ./Middlewares/Third_Party/FreeRTOS/Source/tasks.o
                0x08008018                xTaskGetTickCount
 .text.xTaskIncrementTick
                0x08008038      0x174 ./Middlewares/Third_Party/FreeRTOS/Source/tasks.o
                0x08008038                xTaskIncrementTick
 .text.vTaskSwitchContext
                0x080081ac       0xcc ./Middlewares/Third_Party/FreeRTOS/Source/tasks.o
                0x080081ac                vTaskSwitchContext
 .text.vTaskPlaceOnEventList
                0x08008278       0x4c ./Middlewares/Third_Party/FreeRTOS/Source/tasks.o
                0x08008278                vTaskPlaceOnEventList
 .text.vTaskPlaceOnEventListRestricted
                0x080082c4       0x58 ./Middlewares/Third_Party/FreeRTOS/Source/tasks.o
                0x080082c4                vTaskPlaceOnEventListRestricted
 .text.xTaskRemoveFromEventList
                0x0800831c       0xc8 ./Middlewares/Third_Party/FreeRTOS/Source/tasks.o
                0x0800831c                xTaskRemoveFromEventList
 .text.vTaskInternalSetTimeOutState
                0x080083e4       0x2c ./Middlewares/Third_Party/FreeRTOS/Source/tasks.o
                0x080083e4                vTaskInternalSetTimeOutState
 .text.xTaskCheckForTimeOut
                0x08008410       0xc8 ./Middlewares/Third_Party/FreeRTOS/Source/tasks.o
                0x08008410                xTaskCheckForTimeOut
 .text.vTaskMissedYield
                0x080084d8       0x18 ./Middlewares/Third_Party/FreeRTOS/Source/tasks.o
                0x080084d8                vTaskMissedYield
 .text.prvIdleTask
                0x080084f0       0x30 ./Middlewares/Third_Party/FreeRTOS/Source/tasks.o
 .text.prvInitialiseTaskLists
                0x08008520       0x80 ./Middlewares/Third_Party/FreeRTOS/Source/tasks.o
 .text.prvCheckTasksWaitingTermination
                0x080085a0       0x5c ./Middlewares/Third_Party/FreeRTOS/Source/tasks.o
 .text.prvDeleteTCB
                0x080085fc       0x6a ./Middlewares/Third_Party/FreeRTOS/Source/tasks.o
 *fill*         0x08008666        0x2 
 .text.prvResetNextTaskUnblockTime
                0x08008668       0x40 ./Middlewares/Third_Party/FreeRTOS/Source/tasks.o
 .text.xTaskGetSchedulerState
                0x080086a8       0x3c ./Middlewares/Third_Party/FreeRTOS/Source/tasks.o
                0x080086a8                xTaskGetSchedulerState
 .text.xTaskPriorityDisinherit
                0x080086e4       0xe0 ./Middlewares/Third_Party/FreeRTOS/Source/tasks.o
                0x080086e4                xTaskPriorityDisinherit
 .text.prvAddCurrentTaskToDelayedList
                0x080087c4       0xa8 ./Middlewares/Third_Party/FreeRTOS/Source/tasks.o
 .text.xTimerCreateTimerTask
                0x0800886c       0x94 ./Middlewares/Third_Party/FreeRTOS/Source/timers.o
                0x0800886c                xTimerCreateTimerTask
 .text.xTimerCreate
                0x08008900       0x42 ./Middlewares/Third_Party/FreeRTOS/Source/timers.o
                0x08008900                xTimerCreate
 .text.xTimerCreateStatic
                0x08008942       0x80 ./Middlewares/Third_Party/FreeRTOS/Source/timers.o
                0x08008942                xTimerCreateStatic
 .text.prvInitialiseNewTimer
                0x080089c2       0x78 ./Middlewares/Third_Party/FreeRTOS/Source/timers.o
 *fill*         0x08008a3a        0x2 
 .text.xTimerGenericCommand
                0x08008a3c       0x9c ./Middlewares/Third_Party/FreeRTOS/Source/timers.o
                0x08008a3c                xTimerGenericCommand
 .text.prvProcessExpiredTimer
                0x08008ad8       0x9c ./Middlewares/Third_Party/FreeRTOS/Source/timers.o
 .text.prvTimerTask
                0x08008b74       0x26 ./Middlewares/Third_Party/FreeRTOS/Source/timers.o
 *fill*         0x08008b9a        0x2 
 .text.prvProcessTimerOrBlockTask
                0x08008b9c       0x9c ./Middlewares/Third_Party/FreeRTOS/Source/timers.o
 .text.prvGetNextExpireTime
                0x08008c38       0x48 ./Middlewares/Third_Party/FreeRTOS/Source/timers.o
 .text.prvSampleTimeNow
                0x08008c80       0x40 ./Middlewares/Third_Party/FreeRTOS/Source/timers.o
 .text.prvInsertTimerInActiveList
                0x08008cc0       0x84 ./Middlewares/Third_Party/FreeRTOS/Source/timers.o
 .text.prvProcessReceivedCommands
                0x08008d44      0x1cc ./Middlewares/Third_Party/FreeRTOS/Source/timers.o
 .text.prvSwitchTimerLists
                0x08008f10       0xcc ./Middlewares/Third_Party/FreeRTOS/Source/timers.o
 .text.prvCheckForValidListAndQueue
                0x08008fdc       0x80 ./Middlewares/Third_Party/FreeRTOS/Source/timers.o
 .text.xTimerIsTimerActive
                0x0800905c       0x54 ./Middlewares/Third_Party/FreeRTOS/Source/timers.o
                0x0800905c                xTimerIsTimerActive
 .text.pvTimerGetTimerID
                0x080090b0       0x42 ./Middlewares/Third_Party/FreeRTOS/Source/timers.o
                0x080090b0                pvTimerGetTimerID
 *fill*         0x080090f2        0x2 
 .text.pxPortInitialiseStack
                0x080090f4       0x68 ./Middlewares/Third_Party/FreeRTOS/Source/portable/GCC/ARM_CM4F/port.o
                0x080090f4                pxPortInitialiseStack
 .text.prvTaskExitError
                0x0800915c       0x5c ./Middlewares/Third_Party/FreeRTOS/Source/portable/GCC/ARM_CM4F/port.o
 *fill*         0x080091b8        0x8 
 .text.SVC_Handler
                0x080091c0       0x28 ./Middlewares/Third_Party/FreeRTOS/Source/portable/GCC/ARM_CM4F/port.o
                0x080091c0                SVC_Handler
 .text.prvPortStartFirstTask
                0x080091e8       0x28 ./Middlewares/Third_Party/FreeRTOS/Source/portable/GCC/ARM_CM4F/port.o
 .text.xPortStartScheduler
                0x08009210      0x148 ./Middlewares/Third_Party/FreeRTOS/Source/portable/GCC/ARM_CM4F/port.o
                0x08009210                xPortStartScheduler
 .text.vPortEnterCritical
                0x08009358       0x64 ./Middlewares/Third_Party/FreeRTOS/Source/portable/GCC/ARM_CM4F/port.o
                0x08009358                vPortEnterCritical
 .text.vPortExitCritical
                0x080093bc       0x54 ./Middlewares/Third_Party/FreeRTOS/Source/portable/GCC/ARM_CM4F/port.o
                0x080093bc                vPortExitCritical
 .text.PendSV_Handler
                0x08009410       0x68 ./Middlewares/Third_Party/FreeRTOS/Source/portable/GCC/ARM_CM4F/port.o
                0x08009410                PendSV_Handler
 .text.xPortSysTickHandler
                0x08009478       0x44 ./Middlewares/Third_Party/FreeRTOS/Source/portable/GCC/ARM_CM4F/port.o
                0x08009478                xPortSysTickHandler
 .text.vPortSetupTimerInterrupt
                0x080094bc       0x48 ./Middlewares/Third_Party/FreeRTOS/Source/portable/GCC/ARM_CM4F/port.o
                0x080094bc                vPortSetupTimerInterrupt
 .text.vPortEnableVFP
                0x08009504       0x14 ./Middlewares/Third_Party/FreeRTOS/Source/portable/GCC/ARM_CM4F/port.o
 .text.vPortValidateInterruptPriority
                0x08009518       0x84 ./Middlewares/Third_Party/FreeRTOS/Source/portable/GCC/ARM_CM4F/port.o
                0x08009518                vPortValidateInterruptPriority
 .text.pvPortMalloc
                0x0800959c      0x19c ./Middlewares/Third_Party/FreeRTOS/Source/portable/MemMang/heap_4.o
                0x0800959c                pvPortMalloc
 .text.vPortFree
                0x08009738       0xc8 ./Middlewares/Third_Party/FreeRTOS/Source/portable/MemMang/heap_4.o
                0x08009738                vPortFree
 .text.prvHeapInit
                0x08009800       0xc4 ./Middlewares/Third_Party/FreeRTOS/Source/portable/MemMang/heap_4.o
 .text.prvInsertBlockIntoFreeList
                0x080098c4       0xb4 ./Middlewares/Third_Party/FreeRTOS/Source/portable/MemMang/heap_4.o
 .text.srand    0x08009978       0x5c C:/ST/STM32CubeIDE_2.0.0/STM32CubeIDE/plugins/com.st.stm32cube.ide.mcu.externaltools.gnu-tools-for-stm32.13.3.rel1.win32_1.0.100.202509120712/tools/bin/../lib/gcc/arm-none-eabi/13.3.1/../../../../arm-none-eabi/lib/thumb/v7e-m+fp/hard\libc_nano.a(libc_a-rand.o)
                0x08009978                srand
 .text.rand     0x080099d4       0x7c C:/ST/STM32CubeIDE_2.0.0/STM32CubeIDE/plugins/com.st.stm32cube.ide.mcu.externaltools.gnu-tools-for-stm32.13.3.rel1.win32_1.0.100.202509120712/tools/bin/../lib/gcc/arm-none-eabi/13.3.1/../../../../arm-none-eabi/lib/thumb/v7e-m+fp/hard\libc_nano.a(libc_a-rand.o)
                0x080099d4                rand
 .text.std      0x08009a50       0x6c C:/ST/STM32CubeIDE_2.0.0/STM32CubeIDE/plugins/com.st.stm32cube.ide.mcu.externaltools.gnu-tools-for-stm32.13.3.rel1.win32_1.0.100.202509120712/tools/bin/../lib/gcc/arm-none-eabi/13.3.1/../../../../arm-none-eabi/lib/thumb/v7e-m+fp/hard\libc_nano.a(libc_a-findfp.o)
 .text.stdio_exit_handler
                0x08009abc       0x18 C:/ST/STM32CubeIDE_2.0.0/STM32CubeIDE/plugins/com.st.stm32cube.ide.mcu.externaltools.gnu-tools-for-stm32.13.3.rel1.win32_1.0.100.202509120712/tools/bin/../lib/gcc/arm-none-eabi/13.3.1/../../../../arm-none-eabi/lib/thumb/v7e-m+fp/hard\libc_nano.a(libc_a-findfp.o)
 .text.cleanup_stdio
                0x08009ad4       0x40 C:/ST/STM32CubeIDE_2.0.0/STM32CubeIDE/plugins/com.st.stm32cube.ide.mcu.externaltools.gnu-tools-for-stm32.13.3.rel1.win32_1.0.100.202509120712/tools/bin/../lib/gcc/arm-none-eabi/13.3.1/../../../../arm-none-eabi/lib/thumb/v7e-m+fp/hard\libc_nano.a(libc_a-findfp.o)
 .text.global_stdio_init.part.0
                0x08009b14       0x3c C:/ST/STM32CubeIDE_2.0.0/STM32CubeIDE/plugins/com.st.stm32cube.ide.mcu.externaltools.gnu-tools-for-stm32.13.3.rel1.win32_1.0.100.202509120712/tools/bin/../lib/gcc/arm-none-eabi/13.3.1/../../../../arm-none-eabi/lib/thumb/v7e-m+fp/hard\libc_nano.a(libc_a-findfp.o)
 .text.__sfp_lock_acquire
                0x08009b50        0xc C:/ST/STM32CubeIDE_2.0.0/STM32CubeIDE/plugins/com.st.stm32cube.ide.mcu.externaltools.gnu-tools-for-stm32.13.3.rel1.win32_1.0.100.202509120712/tools/bin/../lib/gcc/arm-none-eabi/13.3.1/../../../../arm-none-eabi/lib/thumb/v7e-m+fp/hard\libc_nano.a(libc_a-findfp.o)
                0x08009b50                __sfp_lock_acquire
 .text.__sfp_lock_release
                0x08009b5c        0xc C:/ST/STM32CubeIDE_2.0.0/STM32CubeIDE/plugins/com.st.stm32cube.ide.mcu.externaltools.gnu-tools-for-stm32.13.3.rel1.win32_1.0.100.202509120712/tools/bin/../lib/gcc/arm-none-eabi/13.3.1/../../../../arm-none-eabi/lib/thumb/v7e-m+fp/hard\libc_nano.a(libc_a-findfp.o)
                0x08009b5c                __sfp_lock_release
 .text.__sinit  0x08009b68       0x30 C:/ST/STM32CubeIDE_2.0.0/STM32CubeIDE/plugins/com.st.stm32cube.ide.mcu.externaltools.gnu-tools-for-stm32.13.3.rel1.win32_1.0.100.202509120712/tools/bin/../lib/gcc/arm-none-eabi/13.3.1/../../../../arm-none-eabi/lib/thumb/v7e-m+fp/hard\libc_nano.a(libc_a-findfp.o)
                0x08009b68                __sinit
 .text._fwalk_sglue
                0x08009b98       0x3c C:/ST/STM32CubeIDE_2.0.0/STM32CubeIDE/plugins/com.st.stm32cube.ide.mcu.externaltools.gnu-tools-for-stm32.13.3.rel1.win32_1.0.100.202509120712/tools/bin/../lib/gcc/arm-none-eabi/13.3.1/../../../../arm-none-eabi/lib/thumb/v7e-m+fp/hard\libc_nano.a(libc_a-fwalk.o)
                0x08009b98                _fwalk_sglue
 .text.printf   0x08009bd4       0x24 C:/ST/STM32CubeIDE_2.0.0/STM32CubeIDE/plugins/com.st.stm32cube.ide.mcu.externaltools.gnu-tools-for-stm32.13.3.rel1.win32_1.0.100.202509120712/tools/bin/../lib/gcc/arm-none-eabi/13.3.1/../../../../arm-none-eabi/lib/thumb/v7e-m+fp/hard\libc_nano.a(libc_a-printf.o)
                0x08009bd4                iprintf
                0x08009bd4                printf
 .text._puts_r  0x08009bf8       0xaa C:/ST/STM32CubeIDE_2.0.0/STM32CubeIDE/plugins/com.st.stm32cube.ide.mcu.externaltools.gnu-tools-for-stm32.13.3.rel1.win32_1.0.100.202509120712/tools/bin/../lib/gcc/arm-none-eabi/13.3.1/../../../../arm-none-eabi/lib/thumb/v7e-m+fp/hard\libc_nano.a(libc_a-puts.o)
                0x08009bf8                _puts_r
 *fill*         0x08009ca2        0x2 
 .text.puts     0x08009ca4       0x10 C:/ST/STM32CubeIDE_2.0.0/STM32CubeIDE/plugins/com.st.stm32cube.ide.mcu.externaltools.gnu-tools-for-stm32.13.3.rel1.win32_1.0.100.202509120712/tools/bin/../lib/gcc/arm-none-eabi/13.3.1/../../../../arm-none-eabi/lib/thumb/v7e-m+fp/hard\libc_nano.a(libc_a-puts.o)
                0x08009ca4                puts
 .text.__sread  0x08009cb4       0x22 C:/ST/STM32CubeIDE_2.0.0/STM32CubeIDE/plugins/com.st.stm32cube.ide.mcu.externaltools.gnu-tools-for-stm32.13.3.rel1.win32_1.0.100.202509120712/tools/bin/../lib/gcc/arm-none-eabi/13.3.1/../../../../arm-none-eabi/lib/thumb/v7e-m+fp/hard\libc_nano.a(libc_a-stdio.o)
                0x08009cb4                __sread
 .text.__swrite
                0x08009cd6       0x38 C:/ST/STM32CubeIDE_2.0.0/STM32CubeIDE/plugins/com.st.stm32cube.ide.mcu.externaltools.gnu-tools-for-stm32.13.3.rel1.win32_1.0.100.202509120712/tools/bin/../lib/gcc/arm-none-eabi/13.3.1/../../../../arm-none-eabi/lib/thumb/v7e-m+fp/hard\libc_nano.a(libc_a-stdio.o)
                0x08009cd6                __swrite
 .text.__sseek  0x08009d0e       0x24 C:/ST/STM32CubeIDE_2.0.0/STM32CubeIDE/plugins/com.st.stm32cube.ide.mcu.externaltools.gnu-tools-for-stm32.13.3.rel1.win32_1.0.100.202509120712/tools/bin/../lib/gcc/arm-none-eabi/13.3.1/../../../../arm-none-eabi/lib/thumb/v7e-m+fp/hard\libc_nano.a(libc_a-stdio.o)
                0x08009d0e                __sseek
 .text.__sclose
                0x08009d32        0x8 C:/ST/STM32CubeIDE_2.0.0/STM32CubeIDE/plugins/com.st.stm32cube.ide.mcu.externaltools.gnu-tools-for-stm32.13.3.rel1.win32_1.0.100.202509120712/tools/bin/../lib/gcc/arm-none-eabi/13.3.1/../../../../arm-none-eabi/lib/thumb/v7e-m+fp/hard\libc_nano.a(libc_a-stdio.o)
                0x08009d32                __sclose
 .text.__swbuf_r
                0x08009d3a       0x7c C:/ST/STM32CubeIDE_2.0.0/STM32CubeIDE/plugins/com.st.stm32cube.ide.mcu.externaltools.gnu-tools-for-stm32.13.3.rel1.win32_1.0.100.202509120712/tools/bin/../lib/gcc/arm-none-eabi/13.3.1/../../../../arm-none-eabi/lib/thumb/v7e-m+fp/hard\libc_nano.a(libc_a-wbuf.o)
                0x08009d3a                __swbuf_r
 *fill*         0x08009db6        0x2 
 .text.__swsetup_r
                0x08009db8       0xac C:/ST/STM32CubeIDE_2.0.0/STM32CubeIDE/plugins/com.st.stm32cube.ide.mcu.externaltools.gnu-tools-for-stm32.13.3.rel1.win32_1.0.100.202509120712/tools/bin/../lib/gcc/arm-none-eabi/13.3.1/../../../../arm-none-eabi/lib/thumb/v7e-m+fp/hard\libc_nano.a(libc_a-wsetup.o)
                0x08009db8                __swsetup_r
 .text.memset   0x08009e64       0x10 C:/ST/STM32CubeIDE_2.0.0/STM32CubeIDE/plugins/com.st.stm32cube.ide.mcu.externaltools.gnu-tools-for-stm32.13.3.rel1.win32_1.0.100.202509120712/tools/bin/../lib/gcc/arm-none-eabi/13.3.1/../../../../arm-none-eabi/lib/thumb/v7e-m+fp/hard\libc_nano.a(libc_a-memset.o)
                0x08009e64                memset
 .text._close_r
                0x08009e74       0x20 C:/ST/STM32CubeIDE_2.0.0/STM32CubeIDE/plugins/com.st.stm32cube.ide.mcu.externaltools.gnu-tools-for-stm32.13.3.rel1.win32_1.0.100.202509120712/tools/bin/../lib/gcc/arm-none-eabi/13.3.1/../../../../arm-none-eabi/lib/thumb/v7e-m+fp/hard\libc_nano.a(libc_a-closer.o)
                0x08009e74                _close_r
 .text._reclaim_reent
                0x08009e94       0xbc C:/ST/STM32CubeIDE_2.0.0/STM32CubeIDE/plugins/com.st.stm32cube.ide.mcu.externaltools.gnu-tools-for-stm32.13.3.rel1.win32_1.0.100.202509120712/tools/bin/../lib/gcc/arm-none-eabi/13.3.1/../../../../arm-none-eabi/lib/thumb/v7e-m+fp/hard\libc_nano.a(libc_a-reent.o)
                0x08009e94                _reclaim_reent
 .text._lseek_r
                0x08009f50       0x24 C:/ST/STM32CubeIDE_2.0.0/STM32CubeIDE/plugins/com.st.stm32cube.ide.mcu.externaltools.gnu-tools-for-stm32.13.3.rel1.win32_1.0.100.202509120712/tools/bin/../lib/gcc/arm-none-eabi/13.3.1/../../../../arm-none-eabi/lib/thumb/v7e-m+fp/hard\libc_nano.a(libc_a-lseekr.o)
                0x08009f50                _lseek_r
 .text._read_r  0x08009f74       0x24 C:/ST/STM32CubeIDE_2.0.0/STM32CubeIDE/plugins/com.st.stm32cube.ide.mcu.externaltools.gnu-tools-for-stm32.13.3.rel1.win32_1.0.100.202509120712/tools/bin/../lib/gcc/arm-none-eabi/13.3.1/../../../../arm-none-eabi/lib/thumb/v7e-m+fp/hard\libc_nano.a(libc_a-readr.o)
                0x08009f74                _read_r
 .text._write_r
                0x08009f98       0x24 C:/ST/STM32CubeIDE_2.0.0/STM32CubeIDE/plugins/com.st.stm32cube.ide.mcu.externaltools.gnu-tools-for-stm32.13.3.rel1.win32_1.0.100.202509120712/tools/bin/../lib/gcc/arm-none-eabi/13.3.1/../../../../arm-none-eabi/lib/thumb/v7e-m+fp/hard\libc_nano.a(libc_a-writer.o)
                0x08009f98                _write_r
 .text.__errno  0x08009fbc        0xc C:/ST/STM32CubeIDE_2.0.0/STM32CubeIDE/plugins/com.st.stm32cube.ide.mcu.externaltools.gnu-tools-for-stm32.13.3.rel1.win32_1.0.100.202509120712/tools/bin/../lib/gcc/arm-none-eabi/13.3.1/../../../../arm-none-eabi/lib/thumb/v7e-m+fp/hard\libc_nano.a(libc_a-errno.o)
                0x08009fbc                __errno
 .text.__libc_init_array
                0x08009fc8       0x48 C:/ST/STM32CubeIDE_2.0.0/STM32CubeIDE/plugins/com.st.stm32cube.ide.mcu.externaltools.gnu-tools-for-stm32.13.3.rel1.win32_1.0.100.202509120712/tools/bin/../lib/gcc/arm-none-eabi/13.3.1/../../../../arm-none-eabi/lib/thumb/v7e-m+fp/hard\libc_nano.a(libc_a-init.o)
                0x08009fc8                __libc_init_array
 .text.__retarget_lock_init_recursive
                0x0800a010        0x2 C:/ST/STM32CubeIDE_2.0.0/STM32CubeIDE/plugins/com.st.stm32cube.ide.mcu.externaltools.gnu-tools-for-stm32.13.3.rel1.win32_1.0.100.202509120712/tools/bin/../lib/gcc/arm-none-eabi/13.3.1/../../../../arm-none-eabi/lib/thumb/v7e-m+fp/hard\libc_nano.a(libc_a-lock.o)
                0x0800a010                __retarget_lock_init_recursive
 .text.__retarget_lock_acquire_recursive
                0x0800a012        0x2 C:/ST/STM32CubeIDE_2.0.0/STM32CubeIDE/plugins/com.st.stm32cube.ide.mcu.externaltools.gnu-tools-for-stm32.13.3.rel1.win32_1.0.100.202509120712/tools/bin/../lib/gcc/arm-none-eabi/13.3.1/../../../../arm-none-eabi/lib/thumb/v7e-m+fp/hard\libc_nano.a(libc_a-lock.o)
                0x0800a012                __retarget_lock_acquire_recursive
 .text.__retarget_lock_release_recursive
                0x0800a014        0x2 C:/ST/STM32CubeIDE_2.0.0/STM32CubeIDE/plugins/com.st.stm32cube.ide.mcu.externaltools.gnu-tools-for-stm32.13.3.rel1.win32_1.0.100.202509120712/tools/bin/../lib/gcc/arm-none-eabi/13.3.1/../../../../arm-none-eabi/lib/thumb/v7e-m+fp/hard\libc_nano.a(libc_a-lock.o)
                0x0800a014                __retarget_lock_release_recursive
 .text.memcpy   0x0800a016       0x1c C:/ST/STM32CubeIDE_2.0.0/STM32CubeIDE/plugins/com.st.stm32cube.ide.mcu.externaltools.gnu-tools-for-stm32.13.3.rel1.win32_1.0.100.202509120712/tools/bin/../lib/gcc/arm-none-eabi/13.3.1/../../../../arm-none-eabi/lib/thumb/v7e-m+fp/hard\libc_nano.a(libc_a-memcpy-stub.o)
                0x0800a016                memcpy
 *fill*         0x0800a032        0x2 
 .text.__assert_func
                0x0800a034       0x3c C:/ST/STM32CubeIDE_2.0.0/STM32CubeIDE/plugins/com.st.stm32cube.ide.mcu.externaltools.gnu-tools-for-stm32.13.3.rel1.win32_1.0.100.202509120712/tools/bin/../lib/gcc/arm-none-eabi/13.3.1/../../../../arm-none-eabi/lib/thumb/v7e-m+fp/hard\libc_nano.a(libc_a-assert.o)
                0x0800a034                __assert_func
 .text._free_r  0x0800a070       0x94 C:/ST/STM32CubeIDE_2.0.0/STM32CubeIDE/plugins/com.st.stm32cube.ide.mcu.externaltools.gnu-tools-for-stm32.13.3.rel1.win32_1.0.100.202509120712/tools/bin/../lib/gcc/arm-none-eabi/13.3.1/../../../../arm-none-eabi/lib/thumb/v7e-m+fp/hard\libc_nano.a(libc_a-freer.o)
                0x0800a070                _free_r
 .text.malloc   0x0800a104       0x10 C:/ST/STM32CubeIDE_2.0.0/STM32CubeIDE/plugins/com.st.stm32cube.ide.mcu.externaltools.gnu-tools-for-stm32.13.3.rel1.win32_1.0.100.202509120712/tools/bin/../lib/gcc/arm-none-eabi/13.3.1/../../../../arm-none-eabi/lib/thumb/v7e-m+fp/hard\libc_nano.a(libc_a-malloc.o)
                0x0800a104                malloc
 .text.sbrk_aligned
                0x0800a114       0x44 C:/ST/STM32CubeIDE_2.0.0/STM32CubeIDE/plugins/com.st.stm32cube.ide.mcu.externaltools.gnu-tools-for-stm32.13.3.rel1.win32_1.0.100.202509120712/tools/bin/../lib/gcc/arm-none-eabi/13.3.1/../../../../arm-none-eabi/lib/thumb/v7e-m+fp/hard\libc_nano.a(libc_a-mallocr.o)
 .text._malloc_r
                0x0800a158      0x100 C:/ST/STM32CubeIDE_2.0.0/STM32CubeIDE/plugins/com.st.stm32cube.ide.mcu.externaltools.gnu-tools-for-stm32.13.3.rel1.win32_1.0.100.202509120712/tools/bin/../lib/gcc/arm-none-eabi/13.3.1/../../../../arm-none-eabi/lib/thumb/v7e-m+fp/hard\libc_nano.a(libc_a-mallocr.o)
                0x0800a158                _malloc_r
 .text.__malloc_lock
                0x0800a258        0xc C:/ST/STM32CubeIDE_2.0.0/STM32CubeIDE/plugins/com.st.stm32cube.ide.mcu.externaltools.gnu-tools-for-stm32.13.3.rel1.win32_1.0.100.202509120712/tools/bin/../lib/gcc/arm-none-eabi/13.3.1/../../../../arm-none-eabi/lib/thumb/v7e-m+fp/hard\libc_nano.a(libc_a-mlock.o)
                0x0800a258                __malloc_lock
 .text.__malloc_unlock
                0x0800a264        0xc C:/ST/STM32CubeIDE_2.0.0/STM32CubeIDE/plugins/com.st.stm32cube.ide.mcu.externaltools.gnu-tools-for-stm32.13.3.rel1.win32_1.0.100.202509120712/tools/bin/../lib/gcc/arm-none-eabi/13.3.1/../../../../arm-none-eabi/lib/thumb/v7e-m+fp/hard\libc_nano.a(libc_a-mlock.o)
                0x0800a264                __malloc_unlock
 .text.__sfputc_r
                0x0800a270       0x2e C:/ST/STM32CubeIDE_2.0.0/STM32CubeIDE/plugins/com.st.stm32cube.ide.mcu.externaltools.gnu-tools-for-stm32.13.3.rel1.win32_1.0.100.202509120712/tools/bin/../lib/gcc/arm-none-eabi/13.3.1/../../../../arm-none-eabi/lib/thumb/v7e-m+fp/hard\libc_nano.a(libc_a-nano-vfprintf.o)
 .text.__sfputs_r
                0x0800a29e       0x24 C:/ST/STM32CubeIDE_2.0.0/STM32CubeIDE/plugins/com.st.stm32cube.ide.mcu.externaltools.gnu-tools-for-stm32.13.3.rel1.win32_1.0.100.202509120712/tools/bin/../lib/gcc/arm-none-eabi/13.3.1/../../../../arm-none-eabi/lib/thumb/v7e-m+fp/hard\libc_nano.a(libc_a-nano-vfprintf.o)
                0x0800a29e                __sfputs_r
 *fill*         0x0800a2c2        0x2 
 .text._vfprintf_r
                0x0800a2c4      0x230 C:/ST/STM32CubeIDE_2.0.0/STM32CubeIDE/plugins/com.st.stm32cube.ide.mcu.externaltools.gnu-tools-for-stm32.13.3.rel1.win32_1.0.100.202509120712/tools/bin/../lib/gcc/arm-none-eabi/13.3.1/../../../../arm-none-eabi/lib/thumb/v7e-m+fp/hard\libc_nano.a(libc_a-nano-vfprintf.o)
                0x0800a2c4                _vfprintf_r
                0x0800a2c4                _vfiprintf_r
 .text._printf_common
                0x0800a4f4       0xda C:/ST/STM32CubeIDE_2.0.0/STM32CubeIDE/plugins/com.st.stm32cube.ide.mcu.externaltools.gnu-tools-for-stm32.13.3.rel1.win32_1.0.100.202509120712/tools/bin/../lib/gcc/arm-none-eabi/13.3.1/../../../../arm-none-eabi/lib/thumb/v7e-m+fp/hard\libc_nano.a(libc_a-nano-vfprintf_i.o)
                0x0800a4f4                _printf_common
 *fill*         0x0800a5ce        0x2 
 .text._printf_i
                0x0800a5d0      0x23c C:/ST/STM32CubeIDE_2.0.0/STM32CubeIDE/plugins/com.st.stm32cube.ide.mcu.externaltools.gnu-tools-for-stm32.13.3.rel1.win32_1.0.100.202509120712/tools/bin/../lib/gcc/arm-none-eabi/13.3.1/../../../../arm-none-eabi/lib/thumb/v7e-m+fp/hard\libc_nano.a(libc_a-nano-vfprintf_i.o)
                0x0800a5d0                _printf_i
 .text.__sflush_r
                0x0800a80c      0x108 C:/ST/STM32CubeIDE_2.0.0/STM32CubeIDE/plugins/com.st.stm32cube.ide.mcu.externaltools.gnu-tools-for-stm32.13.3.rel1.win32_1.0.100.202509120712/tools/bin/../lib/gcc/arm-none-eabi/13.3.1/../../../../arm-none-eabi/lib/thumb/v7e-m+fp/hard\libc_nano.a(libc_a-fflush.o)
                0x0800a80c                __sflush_r
 .text._fflush_r
                0x0800a914       0x50 C:/ST/STM32CubeIDE_2.0.0/STM32CubeIDE/plugins/com.st.stm32cube.ide.mcu.externaltools.gnu-tools-for-stm32.13.3.rel1.win32_1.0.100.202509120712/tools/bin/../lib/gcc/arm-none-eabi/13.3.1/../../../../arm-none-eabi/lib/thumb/v7e-m+fp/hard\libc_nano.a(libc_a-fflush.o)
                0x0800a914                _fflush_r
 .text.fprintf  0x0800a964       0x24 C:/ST/STM32CubeIDE_2.0.0/STM32CubeIDE/plugins/com.st.stm32cube.ide.mcu.externaltools.gnu-tools-for-stm32.13.3.rel1.win32_1.0.100.202509120712/tools/bin/../lib/gcc/arm-none-eabi/13.3.1/../../../../arm-none-eabi/lib/thumb/v7e-m+fp/hard\libc_nano.a(libc_a-fprintf.o)
                0x0800a964                fiprintf
                0x0800a964                fprintf
 .text.__swhatbuf_r
                0x0800a988       0x4c C:/ST/STM32CubeIDE_2.0.0/STM32CubeIDE/plugins/com.st.stm32cube.ide.mcu.externaltools.gnu-tools-for-stm32.13.3.rel1.win32_1.0.100.202509120712/tools/bin/../lib/gcc/arm-none-eabi/13.3.1/../../../../arm-none-eabi/lib/thumb/v7e-m+fp/hard\libc_nano.a(libc_a-makebuf.o)
                0x0800a988                __swhatbuf_r
 .text.__smakebuf_r
                0x0800a9d4       0x78 C:/ST/STM32CubeIDE_2.0.0/STM32CubeIDE/plugins/com.st.stm32cube.ide.mcu.externaltools.gnu-tools-for-stm32.13.3.rel1.win32_1.0.100.202509120712/tools/bin/../lib/gcc/arm-none-eabi/13.3.1/../../../../arm-none-eabi/lib/thumb/v7e-m+fp/hard\libc_nano.a(libc_a-makebuf.o)
                0x0800a9d4                __smakebuf_r
 .text._fstat_r
                0x0800aa4c       0x24 C:/ST/STM32CubeIDE_2.0.0/STM32CubeIDE/plugins/com.st.stm32cube.ide.mcu.externaltools.gnu-tools-for-stm32.13.3.rel1.win32_1.0.100.202509120712/tools/bin/../lib/gcc/arm-none-eabi/13.3.1/../../../../arm-none-eabi/lib/thumb/v7e-m+fp/hard\libc_nano.a(libc_a-fstatr.o)
                0x0800aa4c                _fstat_r
 .text._isatty_r
                0x0800aa70       0x20 C:/ST/STM32CubeIDE_2.0.0/STM32CubeIDE/plugins/com.st.stm32cube.ide.mcu.externaltools.gnu-tools-for-stm32.13.3.rel1.win32_1.0.100.202509120712/tools/bin/../lib/gcc/arm-none-eabi/13.3.1/../../../../arm-none-eabi/lib/thumb/v7e-m+fp/hard\libc_nano.a(libc_a-isattyr.o)
                0x0800aa70                _isatty_r
 .text._sbrk_r  0x0800aa90       0x20 C:/ST/STM32CubeIDE_2.0.0/STM32CubeIDE/plugins/com.st.stm32cube.ide.mcu.externaltools.gnu-tools-for-stm32.13.3.rel1.win32_1.0.100.202509120712/tools/bin/../lib/gcc/arm-none-eabi/13.3.1/../../../../arm-none-eabi/lib/thumb/v7e-m+fp/hard\libc_nano.a(libc_a-sbrkr.o)
                0x0800aa90                _sbrk_r
 .text.abort    0x0800aab0        0xe C:/ST/STM32CubeIDE_2.0.0/STM32CubeIDE/plugins/com.st.stm32cube.ide.mcu.externaltools.gnu-tools-for-stm32.13.3.rel1.win32_1.0.100.202509120712/tools/bin/../lib/gcc/arm-none-eabi/13.3.1/../../../../arm-none-eabi/lib/thumb/v7e-m+fp/hard\libc_nano.a(libc_a-abort.o)
                0x0800aab0                abort
 .text._raise_r
                0x0800aabe       0x50 C:/ST/STM32CubeIDE_2.0.0/STM32CubeIDE/plugins/com.st.stm32cube.ide.mcu.externaltools.gnu-tools-for-stm32.13.3.rel1.win32_1.0.100.202509120712/tools/bin/../lib/gcc/arm-none-eabi/13.3.1/../../../../arm-none-eabi/lib/thumb/v7e-m+fp/hard\libc_nano.a(libc_a-signal.o)
                0x0800aabe                _raise_r
 *fill*         0x0800ab0e        0x2 
 .text.raise    0x0800ab10       0x10 C:/ST/STM32CubeIDE_2.0.0/STM32CubeIDE/plugins/com.st.stm32cube.ide.mcu.externaltools.gnu-tools-for-stm32.13.3.rel1.win32_1.0.100.202509120712/tools/bin/../lib/gcc/arm-none-eabi/13.3.1/../../../../arm-none-eabi/lib/thumb/v7e-m+fp/hard\libc_nano.a(libc_a-signal.o)
                0x0800ab10                raise
 .text._kill_r  0x0800ab20       0x24 C:/ST/STM32CubeIDE_2.0.0/STM32CubeIDE/plugins/com.st.stm32cube.ide.mcu.externaltools.gnu-tools-for-stm32.13.3.rel1.win32_1.0.100.202509120712/tools/bin/../lib/gcc/arm-none-eabi/13.3.1/../../../../arm-none-eabi/lib/thumb/v7e-m+fp/hard\libc_nano.a(libc_a-signalr.o)
                0x0800ab20                _kill_r
 .text._getpid_r
                0x0800ab44        0x4 C:/ST/STM32CubeIDE_2.0.0/STM32CubeIDE/plugins/com.st.stm32cube.ide.mcu.externaltools.gnu-tools-for-stm32.13.3.rel1.win32_1.0.100.202509120712/tools/bin/../lib/gcc/arm-none-eabi/13.3.1/../../../../arm-none-eabi/lib/thumb/v7e-m+fp/hard\libc_nano.a(libc_a-signalr.o)
                0x0800ab44                _getpid_r
 *(.glue_7)
 .glue_7        0x0800ab48        0x0 linker stubs
 *(.glue_7t)
 .glue_7t       0x0800ab48        0x0 linker stubs
 *(.eh_frame)
 .eh_frame      0x0800ab48        0x0 C:/ST/STM32CubeIDE_2.0.0/STM32CubeIDE/plugins/com.st.stm32cube.ide.mcu.externaltools.gnu-tools-for-stm32.13.3.rel1.win32_1.0.100.202509120712/tools/bin/../lib/gcc/arm-none-eabi/13.3.1/thumb/v7e-m+fp/hard/crtbegin.o
 *(.init)
 .init          0x0800ab48        0x4 C:/ST/STM32CubeIDE_2.0.0/STM32CubeIDE/plugins/com.st.stm32cube.ide.mcu.externaltools.gnu-tools-for-stm32.13.3.rel1.win32_1.0.100.202509120712/tools/bin/../lib/gcc/arm-none-eabi/13.3.1/thumb/v7e-m+fp/hard/crti.o
                0x0800ab48                _init
 .init          0x0800ab4c        0x8 C:/ST/STM32CubeIDE_2.0.0/STM32CubeIDE/plugins/com.st.stm32cube.ide.mcu.externaltools.gnu-tools-for-stm32.13.3.rel1.win32_1.0.100.202509120712/tools/bin/../lib/gcc/arm-none-eabi/13.3.1/thumb/v7e-m+fp/hard/crtn.o
 *(.fini)
 .fini          0x0800ab54        0x4 C:/ST/STM32CubeIDE_2.0.0/STM32CubeIDE/plugins/com.st.stm32cube.ide.mcu.externaltools.gnu-tools-for-stm32.13.3.rel1.win32_1.0.100.202509120712/tools/bin/../lib/gcc/arm-none-eabi/13.3.1/thumb/v7e-m+fp/hard/crti.o
                0x0800ab54                _fini
 .fini          0x0800ab58        0x8 C:/ST/STM32CubeIDE_2.0.0/STM32CubeIDE/plugins/com.st.stm32cube.ide.mcu.externaltools.gnu-tools-for-stm32.13.3.rel1.win32_1.0.100.202509120712/tools/bin/../lib/gcc/arm-none-eabi/13.3.1/thumb/v7e-m+fp/hard/crtn.o
                0x0800ab60                        . = ALIGN (0x4)
                0x0800ab60                        _etext = .

.vfp11_veneer   0x0800ab60        0x0
 .vfp11_veneer  0x0800ab60        0x0 linker stubs

.v4_bx          0x0800ab60        0x0
 .v4_bx         0x0800ab60        0x0 linker stubs

.iplt           0x0800ab60        0x0
 .iplt          0x0800ab60        0x0 C:/ST/STM32CubeIDE_2.0.0/STM32CubeIDE/plugins/com.st.stm32cube.ide.mcu.externaltools.gnu-tools-for-stm32.13.3.rel1.win32_1.0.100.202509120712/tools/bin/../lib/gcc/arm-none-eabi/13.3.1/thumb/v7e-m+fp/hard/crtbegin.o

.rodata         0x0800ab60      0x53c
                0x0800ab60                        . = ALIGN (0x4)
 *(.rodata)
 .rodata        0x0800ab60      0x259 ./Core/Src/main.o
 *fill*         0x0800adb9        0x3 
 .rodata        0x0800adbc        0x5 ./Middlewares/Third_Party/FreeRTOS/Source/tasks.o
 *fill*         0x0800adc1        0x3 
 .rodata        0x0800adc4        0xd ./Middlewares/Third_Party/FreeRTOS/Source/timers.o
 *(.rodata*)
 *fill*         0x0800add1        0x3 
 .rodata.SEGMENT_MAP
                0x0800add4        0xa ./Core/Src/MultiFunctionShield.o
                0x0800add4                SEGMENT_MAP
 *fill*         0x0800adde        0x2 
 .rodata.SEGMENT_SELECT
                0x0800ade0        0x4 ./Core/Src/MultiFunctionShield.o
                0x0800ade0                SEGMENT_SELECT
 .rodata.defaultTask_attributes
                0x0800ade4       0x24 ./Core/Src/main.o
                0x0800ade4                defaultTask_attributes
 .rodata.ASCII_Char_Queue_attributes
                0x0800ae08       0x18 ./Core/Src/main.o
                0x0800ae08                ASCII_Char_Queue_attributes
 .rodata.RandomSymbolTimer_attributes
                0x0800ae20       0x10 ./Core/Src/main.o
                0x0800ae20                RandomSymbolTimer_attributes
 .rodata.lowercaseTimer_attributes
                0x0800ae30       0x10 ./Core/Src/main.o
                0x0800ae30                lowercaseTimer_attributes
 .rodata.ProcessSemaphore_attributes
                0x0800ae40       0x10 ./Core/Src/main.o
                0x0800ae40                ProcessSemaphore_attributes
 .rodata.bigTask_attributes
                0x0800ae50       0x24 ./Core/Src/main.o
                0x0800ae50                bigTask_attributes
 .rodata.AHBPrescTable
                0x0800ae74       0x10 ./Core/Src/system_stm32l4xx.o
                0x0800ae74                AHBPrescTable
 .rodata.APBPrescTable
                0x0800ae84        0x8 ./Core/Src/system_stm32l4xx.o
                0x0800ae84                APBPrescTable
 .rodata.MSIRangeTable
                0x0800ae8c       0x30 ./Core/Src/system_stm32l4xx.o
                0x0800ae8c                MSIRangeTable
 .rodata.srand.str1.1
                0x0800aebc       0xde C:/ST/STM32CubeIDE_2.0.0/STM32CubeIDE/plugins/com.st.stm32cube.ide.mcu.externaltools.gnu-tools-for-stm32.13.3.rel1.win32_1.0.100.202509120712/tools/bin/../lib/gcc/arm-none-eabi/13.3.1/../../../../arm-none-eabi/lib/thumb/v7e-m+fp/hard\libc_nano.a(libc_a-rand.o)
                                 0x6f (size before relaxing)
 .rodata._ctype_
                0x0800af9a      0x101 C:/ST/STM32CubeIDE_2.0.0/STM32CubeIDE/plugins/com.st.stm32cube.ide.mcu.externaltools.gnu-tools-for-stm32.13.3.rel1.win32_1.0.100.202509120712/tools/bin/../lib/gcc/arm-none-eabi/13.3.1/../../../../arm-none-eabi/lib/thumb/v7e-m+fp/hard\libc_nano.a(libc_a-ctype_.o)
                0x0800af9a                _ctype_
 .rodata.__assert_func.str1.1
                0x0800b09b        0x0 C:/ST/STM32CubeIDE_2.0.0/STM32CubeIDE/plugins/com.st.stm32cube.ide.mcu.externaltools.gnu-tools-for-stm32.13.3.rel1.win32_1.0.100.202509120712/tools/bin/../lib/gcc/arm-none-eabi/13.3.1/../../../../arm-none-eabi/lib/thumb/v7e-m+fp/hard\libc_nano.a(libc_a-assert.o)
                                 0x3d (size before relaxing)
 .rodata._vfprintf_r.str1.1
                0x0800b09b        0x0 C:/ST/STM32CubeIDE_2.0.0/STM32CubeIDE/plugins/com.st.stm32cube.ide.mcu.externaltools.gnu-tools-for-stm32.13.3.rel1.win32_1.0.100.202509120712/tools/bin/../lib/gcc/arm-none-eabi/13.3.1/../../../../arm-none-eabi/lib/thumb/v7e-m+fp/hard\libc_nano.a(libc_a-nano-vfprintf.o)
                                 0x11 (size before relaxing)
 .rodata._printf_i.str1.1
                0x0800b09b        0x0 C:/ST/STM32CubeIDE_2.0.0/STM32CubeIDE/plugins/com.st.stm32cube.ide.mcu.externaltools.gnu-tools-for-stm32.13.3.rel1.win32_1.0.100.202509120712/tools/bin/../lib/gcc/arm-none-eabi/13.3.1/../../../../arm-none-eabi/lib/thumb/v7e-m+fp/hard\libc_nano.a(libc_a-nano-vfprintf_i.o)
                                 0x22 (size before relaxing)
                0x0800b09c                        . = ALIGN (0x4)
 *fill*         0x0800b09b        0x1 

.ARM.extab      0x0800b09c        0x0
                0x0800b09c                        . = ALIGN (0x4)
 *(.ARM.extab* .gnu.linkonce.armextab.*)
                0x0800b09c                        . = ALIGN (0x4)

.ARM            0x0800b09c        0x8
                0x0800b09c                        . = ALIGN (0x4)
                0x0800b09c                        __exidx_start = .
 *(.ARM.exidx*)
 .ARM.exidx     0x0800b09c        0x8 C:/ST/STM32CubeIDE_2.0.0/STM32CubeIDE/plugins/com.st.stm32cube.ide.mcu.externaltools.gnu-tools-for-stm32.13.3.rel1.win32_1.0.100.202509120712/tools/bin/../lib/gcc/arm-none-eabi/13.3.1/../../../../arm-none-eabi/lib/thumb/v7e-m+fp/hard\libc_nano.a(libc_a-memchr.o)
 .ARM.exidx     0x0800b0a4        0x0 C:/ST/STM32CubeIDE_2.0.0/STM32CubeIDE/plugins/com.st.stm32cube.ide.mcu.externaltools.gnu-tools-for-stm32.13.3.rel1.win32_1.0.100.202509120712/tools/bin/../lib/gcc/arm-none-eabi/13.3.1/thumb/v7e-m+fp/hard\libgcc.a(_udivmoddi4.o)
                                  0x8 (size before relaxing)
                0x0800b0a4                        __exidx_end = .
                0x0800b0a4                        . = ALIGN (0x4)

.rel.dyn        0x0800b0a4        0x0
 .rel.iplt      0x0800b0a4        0x0 C:/ST/STM32CubeIDE_2.0.0/STM32CubeIDE/plugins/com.st.stm32cube.ide.mcu.externaltools.gnu-tools-for-stm32.13.3.rel1.win32_1.0.100.202509120712/tools/bin/../lib/gcc/arm-none-eabi/13.3.1/thumb/v7e-m+fp/hard/crtbegin.o

.preinit_array  0x0800b0a4        0x0
                0x0800b0a4                        . = ALIGN (0x4)
                0x0800b0a4                        PROVIDE (__preinit_array_start = .)
 *(.preinit_array*)
                0x0800b0a4                        PROVIDE (__preinit_array_end = .)
                0x0800b0a4                        . = ALIGN (0x4)

.init_array     0x0800b0a4        0x4
                0x0800b0a4                        . = ALIGN (0x4)
                0x0800b0a4                        PROVIDE (__init_array_start = .)
 *(SORT_BY_NAME(.init_array.*))
 *(.init_array*)
 .init_array    0x0800b0a4        0x4 C:/ST/STM32CubeIDE_2.0.0/STM32CubeIDE/plugins/com.st.stm32cube.ide.mcu.externaltools.gnu-tools-for-stm32.13.3.rel1.win32_1.0.100.202509120712/tools/bin/../lib/gcc/arm-none-eabi/13.3.1/thumb/v7e-m+fp/hard/crtbegin.o
                0x0800b0a8                        PROVIDE (__init_array_end = .)
                0x0800b0a8                        . = ALIGN (0x4)

.fini_array     0x0800b0a8        0x4
                0x0800b0a8                        . = ALIGN (0x4)
                [!provide]                        PROVIDE (__fini_array_start = .)
 *(SORT_BY_NAME(.fini_array.*))
 *(.fini_array*)
 .fini_array    0x0800b0a8        0x4 C:/ST/STM32CubeIDE_2.0.0/STM32CubeIDE/plugins/com.st.stm32cube.ide.mcu.externaltools.gnu-tools-for-stm32.13.3.rel1.win32_1.0.100.202509120712/tools/bin/../lib/gcc/arm-none-eabi/13.3.1/thumb/v7e-m+fp/hard/crtbegin.o
                [!provide]                        PROVIDE (__fini_array_end = .)
                0x0800b0ac                        . = ALIGN (0x4)
                0x0800b0ac                        _sidata = LOADADDR (.data)

.data           0x20000000       0x7c load address 0x0800b0ac
                0x20000000                        . = ALIGN (0x4)
                0x20000000                        _sdata = .
 *(.data)
 *(.data*)
 .data.Random_Symbol_Timer_Speed
                0x20000000        0x4 ./Core/Src/main.o
                0x20000000                Random_Symbol_Timer_Speed
 .data.Random_lowercase_Timer_Speed
                0x20000004        0x4 ./Core/Src/main.o
                0x20000004                Random_lowercase_Timer_Speed
 .data.read_pacing_delay
                0x20000008        0x4 ./Core/Src/main.o
                0x20000008                read_pacing_delay
 .data.randoms_running
                0x2000000c        0x1 ./Core/Src/main.o
                0x2000000c                randoms_running
 *fill*         0x2000000d        0x3 
 .data.SystemCoreClock
                0x20000010        0x4 ./Core/Src/system_stm32l4xx.o
                0x20000010                SystemCoreClock
 .data.uwTickPrio
                0x20000014        0x4 ./Drivers/STM32L4xx_HAL_Driver/Src/stm32l4xx_hal.o
                0x20000014                uwTickPrio
 .data.uwTickFreq
                0x20000018        0x1 ./Drivers/STM32L4xx_HAL_Driver/Src/stm32l4xx_hal.o
                0x20000018                uwTickFreq
 *fill*         0x20000019        0x3 
 .data.uxCriticalNesting
                0x2000001c        0x4 ./Middlewares/Third_Party/FreeRTOS/Source/portable/GCC/ARM_CM4F/port.o
 .data.__sglue  0x20000020        0xc C:/ST/STM32CubeIDE_2.0.0/STM32CubeIDE/plugins/com.st.stm32cube.ide.mcu.externaltools.gnu-tools-for-stm32.13.3.rel1.win32_1.0.100.202509120712/tools/bin/../lib/gcc/arm-none-eabi/13.3.1/../../../../arm-none-eabi/lib/thumb/v7e-m+fp/hard\libc_nano.a(libc_a-findfp.o)
                0x20000020                __sglue
 .data._impure_ptr
                0x2000002c        0x4 C:/ST/STM32CubeIDE_2.0.0/STM32CubeIDE/plugins/com.st.stm32cube.ide.mcu.externaltools.gnu-tools-for-stm32.13.3.rel1.win32_1.0.100.202509120712/tools/bin/../lib/gcc/arm-none-eabi/13.3.1/../../../../arm-none-eabi/lib/thumb/v7e-m+fp/hard\libc_nano.a(libc_a-impure.o)
                0x2000002c                _impure_ptr
 .data._impure_data
                0x20000030       0x4c C:/ST/STM32CubeIDE_2.0.0/STM32CubeIDE/plugins/com.st.stm32cube.ide.mcu.externaltools.gnu-tools-for-stm32.13.3.rel1.win32_1.0.100.202509120712/tools/bin/../lib/gcc/arm-none-eabi/13.3.1/../../../../arm-none-eabi/lib/thumb/v7e-m+fp/hard\libc_nano.a(libc_a-impure.o)
                0x20000030                _impure_data
 *(.RamFunc)
 *(.RamFunc*)
                0x2000007c                        . = ALIGN (0x4)
                0x2000007c                        _edata = .

.igot.plt       0x2000007c        0x0 load address 0x0800b128
 .igot.plt      0x2000007c        0x0 C:/ST/STM32CubeIDE_2.0.0/STM32CubeIDE/plugins/com.st.stm32cube.ide.mcu.externaltools.gnu-tools-for-stm32.13.3.rel1.win32_1.0.100.202509120712/tools/bin/../lib/gcc/arm-none-eabi/13.3.1/thumb/v7e-m+fp/hard/crtbegin.o
                0x2000007c                        . = ALIGN (0x4)

.bss            0x2000007c     0xd50c load address 0x0800b128
                0x2000007c                        _sbss = .
                0x2000007c                        __bss_start__ = _sbss
 *(.bss)
 .bss           0x2000007c       0x1c C:/ST/STM32CubeIDE_2.0.0/STM32CubeIDE/plugins/com.st.stm32cube.ide.mcu.externaltools.gnu-tools-for-stm32.13.3.rel1.win32_1.0.100.202509120712/tools/bin/../lib/gcc/arm-none-eabi/13.3.1/thumb/v7e-m+fp/hard/crtbegin.o
 *(.bss*)
 .bss.ActDigit  0x20000098        0x1 ./Core/Src/MultiFunctionShield.o
                0x20000098                ActDigit
 *fill*         0x20000099        0x3 
 .bss.SEGMENT_VALUE
                0x2000009c        0x4 ./Core/Src/MultiFunctionShield.o
                0x2000009c                SEGMENT_VALUE
 .bss.htim4     0x200000a0       0x4c ./Core/Src/main.o
                0x200000a0                htim4
 .bss.htim7     0x200000ec       0x4c ./Core/Src/main.o
                0x200000ec                htim7
 .bss.htim17    0x20000138       0x4c ./Core/Src/main.o
                0x20000138                htim17
 .bss.huart2    0x20000184       0x88 ./Core/Src/main.o
                0x20000184                huart2
 .bss.defaultTaskHandle
                0x2000020c        0x4 ./Core/Src/main.o
                0x2000020c                defaultTaskHandle
 .bss.ASCII_Char_QueueHandle
                0x20000210        0x4 ./Core/Src/main.o
                0x20000210                ASCII_Char_QueueHandle
 .bss.ASCII_Char_QueueBuffer
                0x20000214       0x32 ./Core/Src/main.o
                0x20000214                ASCII_Char_QueueBuffer
 *fill*         0x20000246        0x2 
 .bss.ASCII_Char_QueueControlBlock
                0x20000248       0x50 ./Core/Src/main.o
                0x20000248                ASCII_Char_QueueControlBlock
 .bss.RandomSymbolTimerHandle
                0x20000298        0x4 ./Core/Src/main.o
                0x20000298                RandomSymbolTimerHandle
 .bss.lowercaseTimerHandle
                0x2000029c        0x4 ./Core/Src/main.o
                0x2000029c                lowercaseTimerHandle
 .bss.ProcessSemaphoreHandle
                0x200002a0        0x4 ./Core/Src/main.o
                0x200002a0                ProcessSemaphoreHandle
 .bss.recvd_data
                0x200002a4        0x1 ./Core/Src/main.o
                0x200002a4                recvd_data
 .bss.resetQueue
                0x200002a5        0x1 ./Core/Src/main.o
                0x200002a5                resetQueue
 *fill*         0x200002a6        0x2 
 .bss.timer_status
                0x200002a8        0x4 ./Core/Src/main.o
                0x200002a8                timer_status
 .bss.button_pushed
                0x200002ac        0x1 ./Core/Src/main.o
                0x200002ac                button_pushed
 *fill*         0x200002ad        0x3 
 .bss.htim2     0x200002b0       0x4c ./Core/Src/stm32l4xx_hal_timebase_tim.o
                0x200002b0                htim2
 .bss.__sbrk_heap_end
                0x200002fc        0x4 ./Core/Src/sysmem.o
 .bss.uwTick    0x20000300        0x4 ./Drivers/STM32L4xx_HAL_Driver/Src/stm32l4xx_hal.o
                0x20000300                uwTick
 .bss.KernelState
                0x20000304        0x4 ./Middlewares/Third_Party/FreeRTOS/Source/CMSIS_RTOS_V2/cmsis_os2.o
 .bss.Idle_TCB.3
                0x20000308       0xa8 ./Middlewares/Third_Party/FreeRTOS/Source/CMSIS_RTOS_V2/cmsis_os2.o
 .bss.Idle_Stack.2
                0x200003b0      0x200 ./Middlewares/Third_Party/FreeRTOS/Source/CMSIS_RTOS_V2/cmsis_os2.o
 .bss.Timer_TCB.1
                0x200005b0       0xa8 ./Middlewares/Third_Party/FreeRTOS/Source/CMSIS_RTOS_V2/cmsis_os2.o
 .bss.Timer_Stack.0
                0x20000658      0x400 ./Middlewares/Third_Party/FreeRTOS/Source/CMSIS_RTOS_V2/cmsis_os2.o
 .bss.xQueueRegistry
                0x20000a58       0x40 ./Middlewares/Third_Party/FreeRTOS/Source/queue.o
                0x20000a58                xQueueRegistry
 .bss.pxCurrentTCB
                0x20000a98        0x4 ./Middlewares/Third_Party/FreeRTOS/Source/tasks.o
                0x20000a98                pxCurrentTCB
 .bss.pxReadyTasksLists
                0x20000a9c      0x460 ./Middlewares/Third_Party/FreeRTOS/Source/tasks.o
 .bss.xDelayedTaskList1
                0x20000efc       0x14 ./Middlewares/Third_Party/FreeRTOS/Source/tasks.o
 .bss.xDelayedTaskList2
                0x20000f10       0x14 ./Middlewares/Third_Party/FreeRTOS/Source/tasks.o
 .bss.pxDelayedTaskList
                0x20000f24        0x4 ./Middlewares/Third_Party/FreeRTOS/Source/tasks.o
 .bss.pxOverflowDelayedTaskList
                0x20000f28        0x4 ./Middlewares/Third_Party/FreeRTOS/Source/tasks.o
 .bss.xPendingReadyList
                0x20000f2c       0x14 ./Middlewares/Third_Party/FreeRTOS/Source/tasks.o
 .bss.xTasksWaitingTermination
                0x20000f40       0x14 ./Middlewares/Third_Party/FreeRTOS/Source/tasks.o
 .bss.uxDeletedTasksWaitingCleanUp
                0x20000f54        0x4 ./Middlewares/Third_Party/FreeRTOS/Source/tasks.o
 .bss.xSuspendedTaskList
                0x20000f58       0x14 ./Middlewares/Third_Party/FreeRTOS/Source/tasks.o
 .bss.uxCurrentNumberOfTasks
                0x20000f6c        0x4 ./Middlewares/Third_Party/FreeRTOS/Source/tasks.o
 .bss.xTickCount
                0x20000f70        0x4 ./Middlewares/Third_Party/FreeRTOS/Source/tasks.o
 .bss.uxTopReadyPriority
                0x20000f74        0x4 ./Middlewares/Third_Party/FreeRTOS/Source/tasks.o
 .bss.xSchedulerRunning
                0x20000f78        0x4 ./Middlewares/Third_Party/FreeRTOS/Source/tasks.o
 .bss.xPendedTicks
                0x20000f7c        0x4 ./Middlewares/Third_Party/FreeRTOS/Source/tasks.o
 .bss.xYieldPending
                0x20000f80        0x4 ./Middlewares/Third_Party/FreeRTOS/Source/tasks.o
 .bss.xNumOfOverflows
                0x20000f84        0x4 ./Middlewares/Third_Party/FreeRTOS/Source/tasks.o
 .bss.uxTaskNumber
                0x20000f88        0x4 ./Middlewares/Third_Party/FreeRTOS/Source/tasks.o
 .bss.xNextTaskUnblockTime
                0x20000f8c        0x4 ./Middlewares/Third_Party/FreeRTOS/Source/tasks.o
 .bss.xIdleTaskHandle
                0x20000f90        0x4 ./Middlewares/Third_Party/FreeRTOS/Source/tasks.o
 .bss.uxSchedulerSuspended
                0x20000f94        0x4 ./Middlewares/Third_Party/FreeRTOS/Source/tasks.o
 .bss.xActiveTimerList1
                0x20000f98       0x14 ./Middlewares/Third_Party/FreeRTOS/Source/timers.o
 .bss.xActiveTimerList2
                0x20000fac       0x14 ./Middlewares/Third_Party/FreeRTOS/Source/timers.o
 .bss.pxCurrentTimerList
                0x20000fc0        0x4 ./Middlewares/Third_Party/FreeRTOS/Source/timers.o
 .bss.pxOverflowTimerList
                0x20000fc4        0x4 ./Middlewares/Third_Party/FreeRTOS/Source/timers.o
 .bss.xTimerQueue
                0x20000fc8        0x4 ./Middlewares/Third_Party/FreeRTOS/Source/timers.o
 .bss.xTimerTaskHandle
                0x20000fcc        0x4 ./Middlewares/Third_Party/FreeRTOS/Source/timers.o
 .bss.xLastTime.2
                0x20000fd0        0x4 ./Middlewares/Third_Party/FreeRTOS/Source/timers.o
 .bss.ucStaticTimerQueueStorage.1
                0x20000fd4       0xa0 ./Middlewares/Third_Party/FreeRTOS/Source/timers.o
 .bss.xStaticTimerQueue.0
                0x20001074       0x50 ./Middlewares/Third_Party/FreeRTOS/Source/timers.o
 .bss.ucMaxSysCallPriority
                0x200010c4        0x1 ./Middlewares/Third_Party/FreeRTOS/Source/portable/GCC/ARM_CM4F/port.o
 *fill*         0x200010c5        0x3 
 .bss.ulMaxPRIGROUPValue
                0x200010c8        0x4 ./Middlewares/Third_Party/FreeRTOS/Source/portable/GCC/ARM_CM4F/port.o
 .bss.ucHeap    0x200010cc     0xc350 ./Middlewares/Third_Party/FreeRTOS/Source/portable/MemMang/heap_4.o
 .bss.xStart    0x2000d41c        0x8 ./Middlewares/Third_Party/FreeRTOS/Source/portable/MemMang/heap_4.o
 .bss.pxEnd     0x2000d424        0x4 ./Middlewares/Third_Party/FreeRTOS/Source/portable/MemMang/heap_4.o
 .bss.xFreeBytesRemaining
                0x2000d428        0x4 ./Middlewares/Third_Party/FreeRTOS/Source/portable/MemMang/heap_4.o
 .bss.xMinimumEverFreeBytesRemaining
                0x2000d42c        0x4 ./Middlewares/Third_Party/FreeRTOS/Source/portable/MemMang/heap_4.o
 .bss.xNumberOfSuccessfulAllocations
                0x2000d430        0x4 ./Middlewares/Third_Party/FreeRTOS/Source/portable/MemMang/heap_4.o
 .bss.xNumberOfSuccessfulFrees
                0x2000d434        0x4 ./Middlewares/Third_Party/FreeRTOS/Source/portable/MemMang/heap_4.o
 .bss.xBlockAllocatedBit
                0x2000d438        0x4 ./Middlewares/Third_Party/FreeRTOS/Source/portable/MemMang/heap_4.o
 .bss.__sf      0x2000d43c      0x138 C:/ST/STM32CubeIDE_2.0.0/STM32CubeIDE/plugins/com.st.stm32cube.ide.mcu.externaltools.gnu-tools-for-stm32.13.3.rel1.win32_1.0.100.202509120712/tools/bin/../lib/gcc/arm-none-eabi/13.3.1/../../../../arm-none-eabi/lib/thumb/v7e-m+fp/hard\libc_nano.a(libc_a-findfp.o)
                0x2000d43c                __sf
 .bss.__stdio_exit_handler