../Core/Src/main.c:156:6:get_random_char	24	static
../Core/Src/main.c:171:5:main	8	static
../Core/Src/main.c:300:6:SystemClock_Config	96	static
../Core/Src/main.c:350:13:MX_TIM4_Init	64	static
../Core/Src/main.c:409:13:MX_TIM7_Init	24	static
../Core/Src/main.c:447:13:MX_TIM17_Init	8	static
../Core/Src/main.c:479:13:MX_USART2_UART_Init	8	static
../Core/Src/main.c:514:13:MX_GPIO_Init	48	static
../Core/Src/main.c:609:6:Random_Symbols_is_Running_Task	16	static
../Core/Src/main.c:619:6:Random_lowercase_is_Running_Task	16	static
../Core/Src/main.c:634:6:Process_Queue_Task	32	static
../Core/Src/main.c:667:6:Display_Queue_Status_Task	24	static
../Core/Src/main.c:699:6:Read_and_Transmit_Task	72	static
../Core/Src/main.c:742:1:__io_putchar	16	static
../Core/Src/main.c:752:6:process_button_Task	80	static
../Core/Src/main.c:866:6:HAL_GPIO_EXTI_Callback	16	static
../Core/Src/main.c:895:6:StartDefaultTask	16	static
../Core/Src/main.c:913:6:Add_Random_Symbols_to_Queue	24	static
../Core/Src/main.c:922:6:Add_Random_lowercase_to_Queue	16	static
../Core/Src/main.c:942:6:HAL_TIM_PeriodElapsedCallback	16	static
../Core/Src/main.c:956:6:HAL_UART_RxCpltCallback	24	static
../Core/Src/main.c:984:6:Error_Handler	4	static,ignoring_inline_asm
